2026-01-29 14:32:15 - - - request - Not Found: /media/property_images/property_image_pLVMZyo.jpg
2026-01-29 14:32:23 - - - request - Not Found: /media/property_images/property_image_a7pXfAR.jpg
2026-01-29 14:32:23 - - - request - Not Found: /media/property_images/property_image_VirYfoW.png
2026-01-29 14:48:56 - - - request - Not Found: /media/property_images/property_image_UwavuZ0.jpg
2026-01-29 14:48:56 - - - request - Not Found: /media/property_images/property_image_A7rhrAC.jpg
2026-01-29 14:48:56 - - - request - Not Found: /media/property_images/property_image_VirYfoW.png
2026-01-29 14:48:56 - - - request - Not Found: /media/property_images/property_image_YFWtb0h.jpg
2026-01-29 14:48:57 - - - request - Not Found: /media/property_images/property_image_TKGH9b2.jpg
2026-01-29 14:48:57 - - - request - Not Found: /media/property_images/property_image_o4DuIXv.jpg
2026-01-29 14:48:57 - - - request - Not Found: /media/property_images/property_image_YRcq9mh.jpg
2026-01-29 14:48:57 - - - request - Not Found: /media/property_images/property_image_ECZTojl.jpg
2026-01-29 14:48:57 - - - request - Not Found: /media/property_images/property_image_NLkkpvx.jpg
2026-01-29 14:48:57 - - - request - Not Found: /media/property_images/property_image_xxgqTrj.jpg
2026-01-29 14:48:57 - - - request - Not Found: /media/property_images/property_image_ybsq3Dt.jpg
2026-01-29 14:48:57 - - - request - Not Found: /media/property_images/property_image_dZn99p1.jpg
2026-01-29 14:48:57 - - - request - Not Found: /media/property_images/property_image_n1SAUR5.jpg
2026-01-29 14:48:57 - - - request - Not Found: /media/property_images/property_image_LkDOpBE.jpg
2026-01-29 14:49:01 - - - request - Not Found: /media/room_images/room_image_eI6QSZ9.jpg
2026-01-29 14:51:11 - - - request - Not Found: /media/property_images/property_image_UwavuZ0.jpg
2026-01-29 14:51:11 - - - request - Not Found: /media/property_images/property_image_A7rhrAC.jpg
2026-01-29 14:51:11 - - - request - Not Found: /media/property_images/property_image_VirYfoW.png
2026-01-29 14:51:11 - - - request - Not Found: /media/property_images/property_image_YFWtb0h.jpg
2026-01-29 14:51:11 - - - request - Not Found: /media/property_images/property_image_o4DuIXv.jpg
2026-01-29 14:51:11 - - - request - Not Found: /media/property_images/property_image_ECZTojl.jpg
2026-01-29 14:51:11 - - - request - Not Found: /media/property_images/property_image_TKGH9b2.jpg
2026-01-29 14:51:11 - - - request - Not Found: /media/property_images/property_image_xxgqTrj.jpg
2026-01-29 14:51:11 - - - request - Not Found: /media/property_images/property_image_YRcq9mh.jpg
2026-01-29 14:51:11 - - - request - Not Found: /media/property_images/property_image_NLkkpvx.jpg
2026-01-29 14:51:11 - - - request - Not Found: /media/property_images/property_image_dZn99p1.jpg
2026-01-29 14:51:11 - - - request - Not Found: /media/property_images/property_image_ybsq3Dt.jpg
2026-01-29 14:51:11 - - - request - Not Found: /media/property_images/property_image_LkDOpBE.jpg
2026-01-29 14:51:11 - - - request - Not Found: /media/property_images/property_image_n1SAUR5.jpg
2026-01-29 14:51:11 - - - request - Not Found: /media/room_images/room_image_eI6QSZ9.jpg
