2026-02-01 03:54:54 - POST - views - Static login number detected: 8342091661, skipping OTP send
2026-02-01 03:55:05 - POST - views - Static login verification for mobile: 8342091661, Expected OTP: 420916, Provided OTP: 420916
2026-02-01 03:55:05 - POST - views - Static login successful for mobile: 8342091661
2026-02-01 03:55:05 - POST - views - User 8342091661 logged in
2026-02-01 03:55:05 - GET - views - Profile viewed for user: 8342091661
2026-02-01 03:55:07 - GET - property - get_all_properties called
2026-02-01 03:55:07 - GET - property - Fetching top reviews
2026-02-01 03:55:07 - GET - property - Retrieved 0 top reviews for property_type hotel
2026-02-01 03:55:08 - GET - property - Retrieved 6 properties
2026-02-01 03:55:11 - GET - property - property_detail called with method GET for pk 6
2026-02-01 03:55:11 - GET - property - Retrieved property 6
2026-02-01 03:55:19 - GET - property - property_detail called with method GET for pk 6
2026-02-01 03:55:19 - GET - property - Retrieved property 6
2026-02-01 03:55:44 - GET - property - property_list called with method GET
2026-02-01 03:55:45 - GET - property - Retrieved 6 properties
2026-02-01 03:55:45 - GET - views - list_users called
2026-02-01 03:55:45 - GET - views - Retrieved 16 users
2026-02-01 03:55:49 - GET - property - property_list called with method GET
2026-02-01 03:55:50 - GET - property - Retrieved 6 properties
2026-02-01 03:55:54 - GET - property - property_detail called with method GET for pk 6
2026-02-01 03:55:54 - GET - property - Retrieved property 6
2026-02-01 03:55:54 - GET - property - amenity_list called with method GET
2026-02-01 03:55:54 - GET - property - Retrieved 8 amenities
2026-02-01 03:55:54 - GET - property - rule_list called with method GET
2026-02-01 03:55:54 - GET - property - Retrieved 9 rules
2026-02-01 03:55:54 - GET - property - documentation_list called with method GET
2026-02-01 03:55:54 - GET - property - Retrieved 8 documentations
2026-02-01 03:55:54 - GET - property - list_states called
2026-02-01 03:55:54 - GET - property - Retrieved 36 states
2026-02-01 03:55:54 - GET - property - image_category_list called with method GET
2026-02-01 03:55:54 - GET - property - Retrieved 12 image categories
2026-02-01 03:55:54 - GET - property - amenity_list called with method GET
2026-02-01 03:55:54 - GET - property - Retrieved 8 amenities
2026-02-01 03:55:54 - GET - property - rule_list called with method GET
2026-02-01 03:55:54 - GET - property - amenity_list called with method GET
2026-02-01 03:55:54 - GET - property - Retrieved 9 rules
2026-02-01 03:55:54 - GET - property - Retrieved 8 amenities
2026-02-01 03:55:54 - GET - property - documentation_list called with method GET
2026-02-01 03:55:54 - GET - property - rule_list called with method GET
2026-02-01 03:55:55 - GET - property - Retrieved 8 documentations
2026-02-01 03:55:55 - GET - property - Retrieved 9 rules
2026-02-01 03:55:55 - GET - property - documentation_list called with method GET
2026-02-01 03:55:55 - GET - property - list_states called
2026-02-01 03:55:55 - GET - property - Retrieved 8 documentations
2026-02-01 03:55:55 - GET - property - Retrieved 36 states
2026-02-01 03:55:55 - GET - property - image_category_list called with method GET
2026-02-01 03:55:55 - GET - property - list_states called
2026-02-01 03:55:55 - GET - property - Retrieved 12 image categories
2026-02-01 03:55:55 - GET - property - Retrieved 36 states
2026-02-01 03:55:55 - GET - property - amenity_list called with method GET
2026-02-01 03:55:55 - GET - property - image_category_list called with method GET
2026-02-01 03:55:55 - GET - property - Retrieved 8 amenities
2026-02-01 03:55:55 - GET - property - rule_list called with method GET
2026-02-01 03:55:55 - GET - property - Retrieved 12 image categories
2026-02-01 03:55:55 - GET - property - Retrieved 9 rules
2026-02-01 03:55:55 - GET - property - documentation_list called with method GET
2026-02-01 03:55:55 - GET - property - Retrieved 8 documentations
2026-02-01 03:55:55 - GET - property - list_states called
2026-02-01 03:55:55 - GET - property - Retrieved 36 states
2026-02-01 03:55:55 - GET - property - image_category_list called with method GET
2026-02-01 03:55:55 - GET - property - Retrieved 12 image categories
2026-02-01 03:56:07 - PUT - property - property_detail called with method PUT for pk 6
2026-02-01 03:56:07 - PUT - property - Property 6 updated successfully
2026-02-01 03:56:07 - GET - property - property_list called with method GET
2026-02-01 03:56:08 - GET - property - Retrieved 6 properties
2026-02-01 03:56:09 - GET - property - property_list called with method GET
2026-02-01 03:56:10 - GET - property - Retrieved 6 properties
2026-02-01 03:56:10 - GET - views - list_users called
2026-02-01 03:56:11 - GET - views - Retrieved 16 users
2026-02-01 03:56:24 - GET - property - property_list called with method GET
2026-02-01 03:56:25 - GET - property - Retrieved 6 properties
2026-02-01 03:58:53 - GET - property - property_detail called with method GET for pk 2
2026-02-01 03:58:53 - GET - property - Retrieved property 2
2026-02-01 03:58:53 - GET - property - amenity_list called with method GET
2026-02-01 03:58:53 - GET - property - Retrieved 8 amenities
2026-02-01 03:58:53 - GET - property - rule_list called with method GET
2026-02-01 03:58:53 - GET - property - Retrieved 9 rules
2026-02-01 03:58:53 - GET - property - documentation_list called with method GET
2026-02-01 03:58:53 - GET - property - Retrieved 8 documentations
2026-02-01 03:58:53 - GET - property - list_states called
2026-02-01 03:58:53 - GET - property - Retrieved 36 states
2026-02-01 03:58:53 - GET - property - image_category_list called with method GET
2026-02-01 03:58:54 - GET - property - Retrieved 12 image categories
2026-02-01 03:58:54 - GET - property - amenity_list called with method GET
2026-02-01 03:58:54 - GET - property - Retrieved 8 amenities
2026-02-01 03:58:54 - GET - property - amenity_list called with method GET
2026-02-01 03:58:54 - GET - property - rule_list called with method GET
2026-02-01 03:58:54 - GET - property - Retrieved 8 amenities
2026-02-01 03:58:54 - GET - property - Retrieved 9 rules
2026-02-01 03:58:54 - GET - property - rule_list called with method GET
2026-02-01 03:58:54 - GET - property - documentation_list called with method GET
2026-02-01 03:58:54 - GET - property - Retrieved 9 rules
2026-02-01 03:58:54 - GET - property - Retrieved 8 documentations
2026-02-01 03:58:54 - GET - property - documentation_list called with method GET
2026-02-01 03:58:54 - GET - property - Retrieved 8 documentations
2026-02-01 03:58:54 - GET - property - list_states called
2026-02-01 03:58:54 - GET - property - Retrieved 36 states
2026-02-01 03:58:54 - GET - property - image_category_list called with method GET
2026-02-01 03:58:54 - GET - property - Retrieved 12 image categories
2026-02-01 03:58:54 - GET - property - list_states called
2026-02-01 03:58:54 - GET - property - Retrieved 36 states
2026-02-01 03:58:54 - GET - property - amenity_list called with method GET
2026-02-01 03:58:54 - GET - property - image_category_list called with method GET
2026-02-01 03:58:54 - GET - property - Retrieved 8 amenities
2026-02-01 03:58:54 - GET - property - rule_list called with method GET
2026-02-01 03:58:54 - GET - property - Retrieved 12 image categories
2026-02-01 03:58:54 - GET - property - Retrieved 9 rules
2026-02-01 03:58:54 - GET - property - documentation_list called with method GET
2026-02-01 03:58:54 - GET - property - Retrieved 8 documentations
2026-02-01 03:58:54 - GET - property - list_states called
2026-02-01 03:58:54 - GET - property - Retrieved 36 states
2026-02-01 03:58:54 - GET - property - image_category_list called with method GET
2026-02-01 03:58:54 - GET - property - Retrieved 12 image categories
2026-02-01 03:58:59 - GET - property - property_list called with method GET
2026-02-01 03:59:00 - GET - property - Retrieved 6 properties
2026-02-01 03:59:05 - GET - property - property_detail called with method GET for pk 6
2026-02-01 03:59:05 - GET - property - Retrieved property 6
2026-02-01 03:59:05 - GET - property - amenity_list called with method GET
2026-02-01 03:59:05 - GET - property - Retrieved 8 amenities
2026-02-01 03:59:05 - GET - property - rule_list called with method GET
2026-02-01 03:59:05 - GET - property - Retrieved 9 rules
2026-02-01 03:59:05 - GET - property - documentation_list called with method GET
2026-02-01 03:59:05 - GET - property - Retrieved 8 documentations
2026-02-01 03:59:05 - GET - property - list_states called
2026-02-01 03:59:05 - GET - property - Retrieved 36 states
2026-02-01 03:59:05 - GET - property - image_category_list called with method GET
2026-02-01 03:59:05 - GET - property - Retrieved 12 image categories
2026-02-01 03:59:05 - GET - property - amenity_list called with method GET
2026-02-01 03:59:05 - GET - property - Retrieved 8 amenities
2026-02-01 03:59:05 - GET - property - amenity_list called with method GET
2026-02-01 03:59:05 - GET - property - rule_list called with method GET
2026-02-01 03:59:05 - GET - property - Retrieved 8 amenities
2026-02-01 03:59:05 - GET - property - Retrieved 9 rules
2026-02-01 03:59:05 - GET - property - documentation_list called with method GET
2026-02-01 03:59:05 - GET - property - rule_list called with method GET
2026-02-01 03:59:06 - GET - property - Retrieved 8 documentations
2026-02-01 03:59:06 - GET - property - Retrieved 9 rules
2026-02-01 03:59:06 - GET - property - documentation_list called with method GET
2026-02-01 03:59:06 - GET - property - list_states called
2026-02-01 03:59:06 - GET - property - Retrieved 36 states
2026-02-01 03:59:06 - GET - property - Retrieved 8 documentations
2026-02-01 03:59:06 - GET - property - image_category_list called with method GET
2026-02-01 03:59:06 - GET - property - Retrieved 12 image categories
2026-02-01 03:59:06 - GET - property - amenity_list called with method GET
2026-02-01 03:59:06 - GET - property - list_states called
2026-02-01 03:59:06 - GET - property - Retrieved 36 states
2026-02-01 03:59:06 - GET - property - image_category_list called with method GET
2026-02-01 03:59:06 - GET - property - Retrieved 8 amenities
2026-02-01 03:59:06 - GET - property - Retrieved 12 image categories
2026-02-01 03:59:06 - GET - property - rule_list called with method GET
2026-02-01 03:59:06 - GET - property - Retrieved 9 rules
2026-02-01 03:59:06 - GET - property - documentation_list called with method GET
2026-02-01 03:59:06 - GET - property - Retrieved 8 documentations
2026-02-01 03:59:06 - GET - property - list_states called
2026-02-01 03:59:06 - GET - property - Retrieved 36 states
2026-02-01 03:59:06 - GET - property - image_category_list called with method GET
2026-02-01 03:59:06 - GET - property - Retrieved 12 image categories
2026-02-01 03:59:19 - PUT - property - property_detail called with method PUT for pk 6
2026-02-01 03:59:19 - PUT - property - Property 6 updated successfully
2026-02-01 03:59:19 - GET - property - property_list called with method GET
2026-02-01 03:59:20 - GET - property - Retrieved 6 properties
2026-02-01 04:36:51 - GET - property - get_all_properties called
2026-02-01 04:36:51 - GET - property - Fetching top reviews
2026-02-01 04:36:51 - GET - property - Retrieved 0 top reviews for property_type hotel
2026-02-01 04:36:52 - GET - property - Retrieved 6 properties
2026-02-01 04:36:54 - GET - property - property_detail called with method GET for pk 6
2026-02-01 04:36:54 - GET - property - Retrieved property 6
2026-02-01 04:36:56 - GET - property - property_detail called with method GET for pk 6
2026-02-01 04:36:56 - GET - property - Retrieved property 6
2026-02-01 04:37:05 - GET - property - property_list called with method GET
2026-02-01 04:37:06 - GET - property - Retrieved 6 properties
2026-02-01 04:37:06 - GET - views - list_users called
2026-02-01 04:37:06 - GET - views - Retrieved 16 users
2026-02-01 04:37:08 - GET - property - property_list called with method GET
2026-02-01 04:37:09 - GET - property - Retrieved 6 properties
2026-02-01 04:37:12 - GET - property - property_detail called with method GET for pk 6
2026-02-01 04:37:12 - GET - property - Retrieved property 6
2026-02-01 04:37:12 - GET - property - amenity_list called with method GET
2026-02-01 04:37:13 - GET - property - Retrieved 8 amenities
2026-02-01 04:37:13 - GET - property - rule_list called with method GET
2026-02-01 04:37:13 - GET - property - Retrieved 9 rules
2026-02-01 04:37:13 - GET - property - documentation_list called with method GET
2026-02-01 04:37:13 - GET - property - Retrieved 8 documentations
2026-02-01 04:37:13 - GET - property - list_states called
2026-02-01 04:37:13 - GET - property - Retrieved 36 states
2026-02-01 04:37:13 - GET - property - image_category_list called with method GET
2026-02-01 04:37:13 - GET - property - Retrieved 12 image categories
2026-02-01 04:37:13 - GET - property - amenity_list called with method GET
2026-02-01 04:37:13 - GET - property - Retrieved 8 amenities
2026-02-01 04:37:13 - GET - property - amenity_list called with method GET
2026-02-01 04:37:13 - GET - property - rule_list called with method GET
2026-02-01 04:37:13 - GET - property - Retrieved 8 amenities
2026-02-01 04:37:13 - GET - property - Retrieved 9 rules
2026-02-01 04:37:13 - GET - property - documentation_list called with method GET
2026-02-01 04:37:13 - GET - property - rule_list called with method GET
2026-02-01 04:37:13 - GET - property - Retrieved 8 documentations
2026-02-01 04:37:13 - GET - property - Retrieved 9 rules
2026-02-01 04:37:13 - GET - property - list_states called
2026-02-01 04:37:13 - GET - property - Retrieved 36 states
2026-02-01 04:37:13 - GET - property - documentation_list called with method GET
2026-02-01 04:37:13 - GET - property - image_category_list called with method GET
2026-02-01 04:37:13 - GET - property - Retrieved 8 documentations
2026-02-01 04:37:13 - GET - property - Retrieved 12 image categories
2026-02-01 04:37:13 - GET - property - amenity_list called with method GET
2026-02-01 04:37:13 - GET - property - list_states called
2026-02-01 04:37:13 - GET - property - Retrieved 36 states
2026-02-01 04:37:13 - GET - property - Retrieved 8 amenities
2026-02-01 04:37:13 - GET - property - image_category_list called with method GET
2026-02-01 04:37:13 - GET - property - rule_list called with method GET
2026-02-01 04:37:14 - GET - property - Retrieved 12 image categories
2026-02-01 04:37:14 - GET - property - Retrieved 9 rules
2026-02-01 04:37:14 - GET - property - documentation_list called with method GET
2026-02-01 04:37:14 - GET - property - Retrieved 8 documentations
2026-02-01 04:37:14 - GET - property - list_states called
2026-02-01 04:37:14 - GET - property - Retrieved 36 states
2026-02-01 04:37:14 - GET - property - image_category_list called with method GET
2026-02-01 04:37:14 - GET - property - Retrieved 12 image categories
2026-02-01 04:37:21 - PUT - property - property_detail called with method PUT for pk 6
2026-02-01 04:37:21 - PUT - property - Property 6 updated successfully
2026-02-01 04:37:22 - GET - property - property_list called with method GET
2026-02-01 04:37:22 - GET - property - Retrieved 6 properties
2026-02-01 04:37:24 - GET - property - property_list called with method GET
2026-02-01 04:37:25 - GET - property - Retrieved 6 properties
2026-02-01 04:37:25 - GET - views - list_users called
2026-02-01 04:37:26 - GET - views - Retrieved 16 users
2026-02-01 08:40:13 - GET - property - property_list called with method GET
2026-02-01 08:40:14 - GET - property - Retrieved 6 properties
2026-02-01 08:40:14 - GET - views - list_users called
2026-02-01 08:40:14 - GET - views - Retrieved 16 users
2026-02-01 08:40:15 - GET - property - get_all_properties called
2026-02-01 08:40:15 - GET - property - Fetching top reviews
2026-02-01 08:40:15 - GET - property - Retrieved 0 top reviews for property_type hotel
2026-02-01 08:40:15 - GET - property - Retrieved 6 properties
2026-02-01 08:40:17 - GET - property - property_detail called with method GET for pk 6
2026-02-01 08:40:17 - GET - property - Retrieved property 6
2026-02-01 08:40:22 - GET - property - property_detail called with method GET for pk 6
2026-02-01 08:40:23 - GET - property - Retrieved property 6
2026-02-01 08:40:27 - GET - property - property_list called with method GET
2026-02-01 08:40:28 - GET - property - Retrieved 6 properties
2026-02-01 08:40:28 - GET - views - list_users called
2026-02-01 08:40:29 - GET - views - Retrieved 16 users
2026-02-01 08:40:30 - GET - property - property_list called with method GET
2026-02-01 08:40:31 - GET - property - Retrieved 6 properties
2026-02-01 08:40:34 - GET - property - property_detail called with method GET for pk 6
2026-02-01 08:40:34 - GET - property - Retrieved property 6
2026-02-01 08:40:34 - GET - property - amenity_list called with method GET
2026-02-01 08:40:34 - GET - property - Retrieved 8 amenities
2026-02-01 08:40:34 - GET - property - rule_list called with method GET
2026-02-01 08:40:34 - GET - property - Retrieved 9 rules
2026-02-01 08:40:34 - GET - property - documentation_list called with method GET
2026-02-01 08:40:34 - GET - property - Retrieved 8 documentations
2026-02-01 08:40:34 - GET - property - list_states called
2026-02-01 08:40:34 - GET - property - Retrieved 36 states
2026-02-01 08:40:34 - GET - property - image_category_list called with method GET
2026-02-01 08:40:34 - GET - property - Retrieved 12 image categories
2026-02-01 08:40:34 - GET - property - amenity_list called with method GET
2026-02-01 08:40:35 - GET - property - Retrieved 8 amenities
2026-02-01 08:40:35 - GET - property - amenity_list called with method GET
2026-02-01 08:40:35 - GET - property - rule_list called with method GET
2026-02-01 08:40:35 - GET - property - Retrieved 8 amenities
2026-02-01 08:40:35 - GET - property - Retrieved 9 rules
2026-02-01 08:40:35 - GET - property - rule_list called with method GET
2026-02-01 08:40:35 - GET - property - documentation_list called with method GET
2026-02-01 08:40:35 - GET - property - Retrieved 9 rules
2026-02-01 08:40:35 - GET - property - Retrieved 8 documentations
2026-02-01 08:40:35 - GET - property - documentation_list called with method GET
2026-02-01 08:40:35 - GET - property - Retrieved 8 documentations
2026-02-01 08:40:35 - GET - property - list_states called
2026-02-01 08:40:35 - GET - property - Retrieved 36 states
2026-02-01 08:40:35 - GET - property - image_category_list called with method GET
2026-02-01 08:40:35 - GET - property - Retrieved 12 image categories
2026-02-01 08:40:35 - GET - property - list_states called
2026-02-01 08:40:35 - GET - property - Retrieved 36 states
2026-02-01 08:40:35 - GET - property - amenity_list called with method GET
2026-02-01 08:40:35 - GET - property - image_category_list called with method GET
2026-02-01 08:40:35 - GET - property - Retrieved 8 amenities
2026-02-01 08:40:35 - GET - property - Retrieved 12 image categories
2026-02-01 08:40:35 - GET - property - rule_list called with method GET
2026-02-01 08:40:35 - GET - property - Retrieved 9 rules
2026-02-01 08:40:35 - GET - property - documentation_list called with method GET
2026-02-01 08:40:35 - GET - property - Retrieved 8 documentations
2026-02-01 08:40:35 - GET - property - list_states called
2026-02-01 08:40:35 - GET - property - Retrieved 36 states
2026-02-01 08:40:35 - GET - property - image_category_list called with method GET
2026-02-01 08:40:35 - GET - property - Retrieved 12 image categories
2026-02-01 08:40:41 - PUT - property - property_detail called with method PUT for pk 6
2026-02-01 08:40:41 - PUT - property - Property 6 updated successfully
2026-02-01 08:40:41 - GET - property - property_list called with method GET
2026-02-01 08:40:42 - GET - property - Retrieved 6 properties
2026-02-01 08:40:47 - GET - property - property_list called with method GET
2026-02-01 08:40:47 - GET - property - Retrieved 6 properties
2026-02-01 08:40:48 - GET - views - list_users called
2026-02-01 08:40:48 - GET - views - Retrieved 16 users
2026-02-01 08:40:51 - GET - property - property_list called with method GET
2026-02-01 08:40:51 - GET - property - Retrieved 6 properties
2026-02-01 08:40:52 - GET - views - list_users called
2026-02-01 08:40:52 - GET - views - Retrieved 16 users
2026-02-01 08:40:54 - GET - property - property_list called with method GET
2026-02-01 08:40:55 - GET - property - Retrieved 6 properties
