2026-02-03 02:17:41 - - - request - Not Found: /media/property_images/property_image_pLVMZyo.jpg
2026-02-03 02:26:47 - - - request - Unauthorized: /api/property/areas/We Stay Hotel , Opp.Gurudwara, Near Chakala Metro Station , Andheri Road ,Andheri East, Mumbai/
2026-02-03 02:26:53 - - - request - Not Found: /media/property_images/property_image_pLVMZyo.jpg
2026-02-03 02:37:22 - - - request - Not Found: /favicon.ico
2026-02-03 03:26:02 - - - request - Not Found: /media/property_images/property_image_pLVMZyo.jpg
2026-02-03 03:27:18 - - - request - Not Found: /media/property_images/property_image_pLVMZyo.jpg
2026-02-03 03:32:26 - - - request - Not Found: /media/property_images/property_image_VirYfoW.png
2026-02-03 03:32:26 - - - request - Not Found: /media/property_images/property_image_a7pXfAR.jpg
2026-02-03 03:34:52 - - - request - Not Found: /media/property_images/property_image_a7pXfAR.jpg
2026-02-03 03:34:52 - - - request - Not Found: /media/property_images/property_image_VirYfoW.png
2026-02-03 03:34:57 - - - request - Not Found: /media/property_images/property_image_MbCJnGf.jpg
2026-02-03 03:34:57 - - - request - Not Found: /media/property_images/property_image_a7pXfAR.jpg
2026-02-03 03:34:57 - - - request - Not Found: /media/property_images/property_image_UwavuZ0.jpg
2026-02-03 03:34:57 - - - request - Not Found: /media/property_images/property_image_YFWtb0h.jpg
2026-02-03 03:34:57 - - - request - Not Found: /media/property_images/property_image_VirYfoW.png
2026-02-03 03:34:57 - - - request - Not Found: /media/property_images/property_image_A7rhrAC.jpg
2026-02-03 03:35:09 - - - request - Not Found: /media/property_images/property_image_VirYfoW.png
2026-02-03 03:35:09 - - - request - Not Found: /media/property_images/property_image_a7pXfAR.jpg
2026-02-03 03:36:02 - - - request - Not Found: /media/property_images/property_image_pLVMZyo.jpg
2026-02-03 03:36:17 - - - request - Not Found: /media/property_images/property_image_pLVMZyo.jpg
2026-02-03 03:37:26 - - - request - Unauthorized: /api/booking/bookings/user/
2026-02-03 03:37:27 - - - request - Internal Server Error: /api/property/properties/
Traceback (most recent call last):
  File "/Users/smrutisahoo/workspaces/hotel/venv/lib/python3.9/site-packages/django/db/models/fields/__init__.py", line 2053, in get_prep_value
    return int(value)
ValueError: invalid literal for int() with base 10: 'null'

The above exception was the direct cause of the following exception:

Traceback (most recent call last):
  File "/Users/smrutisahoo/workspaces/hotel/venv/lib/python3.9/site-packages/django/core/handlers/exception.py", line 55, in inner
    response = get_response(request)
  File "/Users/smrutisahoo/workspaces/hotel/venv/lib/python3.9/site-packages/django/core/handlers/base.py", line 197, in _get_response
    response = wrapped_callback(request, *callback_args, **callback_kwargs)
  File "/Users/smrutisahoo/workspaces/hotel/venv/lib/python3.9/site-packages/django/views/decorators/csrf.py", line 56, in wrapper_view
    return view_func(*args, **kwargs)
  File "/Users/smrutisahoo/workspaces/hotel/venv/lib/python3.9/site-packages/django/views/generic/base.py", line 105, in view
    return self.dispatch(request, *args, **kwargs)
  File "/Users/smrutisahoo/workspaces/hotel/venv/lib/python3.9/site-packages/rest_framework/views.py", line 509, in dispatch
    response = self.handle_exception(exc)
  File "/Users/smrutisahoo/workspaces/hotel/venv/lib/python3.9/site-packages/rest_framework/views.py", line 469, in handle_exception
    self.raise_uncaught_exception(exc)
  File "/Users/smrutisahoo/workspaces/hotel/venv/lib/python3.9/site-packages/rest_framework/views.py", line 480, in raise_uncaught_exception
    raise exc
  File "/Users/smrutisahoo/workspaces/hotel/venv/lib/python3.9/site-packages/rest_framework/views.py", line 506, in dispatch
    response = handler(request, *args, **kwargs)
  File "/Users/smrutisahoo/workspaces/hotel/venv/lib/python3.9/site-packages/rest_framework/decorators.py", line 50, in handler
    return func(*args, **kwargs)
  File "/Users/smrutisahoo/workspaces/hotel/hotel/backend/users/decorators.py", line 21, in wrapper
    return view_func(request, *args, **kwargs)
  File "/Users/smrutisahoo/workspaces/hotel/hotel/backend/property/views.py", line 293, in property_list
    user = get_object_or_404(HsUser, id=user)
  File "/Users/smrutisahoo/workspaces/hotel/venv/lib/python3.9/site-packages/django/shortcuts.py", line 85, in get_object_or_404
    return queryset.get(*args, **kwargs)
  File "/Users/smrutisahoo/workspaces/hotel/venv/lib/python3.9/site-packages/django/db/models/query.py", line 625, in get
    clone = self._chain() if self.query.combinator else self.filter(*args, **kwargs)
  File "/Users/smrutisahoo/workspaces/hotel/venv/lib/python3.9/site-packages/django/db/models/query.py", line 1438, in filter
    return self._filter_or_exclude(False, args, kwargs)
  File "/Users/smrutisahoo/workspaces/hotel/venv/lib/python3.9/site-packages/django/db/models/query.py", line 1456, in _filter_or_exclude
    clone._filter_or_exclude_inplace(negate, args, kwargs)
  File "/Users/smrutisahoo/workspaces/hotel/venv/lib/python3.9/site-packages/django/db/models/query.py", line 1466, in _filter_or_exclude_inplace
    self._query.add_q(Q(*args, **kwargs))
  File "/Users/smrutisahoo/workspaces/hotel/venv/lib/python3.9/site-packages/django/db/models/sql/query.py", line 1546, in add_q
    clause, _ = self._add_q(q_object, self.used_aliases)
  File "/Users/smrutisahoo/workspaces/hotel/venv/lib/python3.9/site-packages/django/db/models/sql/query.py", line 1577, in _add_q
    child_clause, needed_inner = self.build_filter(
  File "/Users/smrutisahoo/workspaces/hotel/venv/lib/python3.9/site-packages/django/db/models/sql/query.py", line 1492, in build_filter
    condition = self.build_lookup(lookups, col, value)
  File "/Users/smrutisahoo/workspaces/hotel/venv/lib/python3.9/site-packages/django/db/models/sql/query.py", line 1319, in build_lookup
    lookup = lookup_class(lhs, rhs)
  File "/Users/smrutisahoo/workspaces/hotel/venv/lib/python3.9/site-packages/django/db/models/lookups.py", line 27, in __init__
    self.rhs = self.get_prep_lookup()
  File "/Users/smrutisahoo/workspaces/hotel/venv/lib/python3.9/site-packages/django/db/models/lookups.py", line 341, in get_prep_lookup
    return super().get_prep_lookup()
  File "/Users/smrutisahoo/workspaces/hotel/venv/lib/python3.9/site-packages/django/db/models/lookups.py", line 85, in get_prep_lookup
    return self.lhs.output_field.get_prep_value(self.rhs)
  File "/Users/smrutisahoo/workspaces/hotel/venv/lib/python3.9/site-packages/django/db/models/fields/__init__.py", line 2055, in get_prep_value
    raise e.__class__(
ValueError: Field 'id' expected a number but got 'null'.
2026-02-03 03:37:27 - - - request - Unauthorized: /api/users/users/
