2026-01-29 14:30:40 - POST - views - Static login number detected: 8342091661, skipping OTP send
2026-01-29 14:30:44 - POST - views - Static login verification for mobile: 8342091661, Expected OTP: 420916, Provided OTP: 420916
2026-01-29 14:30:44 - POST - views - Static login successful for mobile: 8342091661
2026-01-29 14:30:44 - POST - views - User 8342091661 logged in
2026-01-29 14:30:45 - GET - views - Profile viewed for user: 8342091661
2026-01-29 14:30:56 - GET - property - property_list called with method GET
2026-01-29 14:30:57 - GET - property - Retrieved 6 properties
2026-01-29 14:31:01 - GET - property - property_list called with method GET
2026-01-29 14:31:02 - GET - property - Retrieved 6 properties
2026-01-29 14:31:07 - GET - property - property_detail called with method GET for pk 5
2026-01-29 14:31:07 - GET - property - Retrieved property 5
2026-01-29 14:31:07 - GET - property - amenity_list called with method GET
2026-01-29 14:31:07 - GET - property - Retrieved 8 amenities
2026-01-29 14:31:07 - GET - property - rule_list called with method GET
2026-01-29 14:31:07 - GET - property - Retrieved 9 rules
2026-01-29 14:31:07 - GET - property - documentation_list called with method GET
2026-01-29 14:31:07 - GET - property - Retrieved 8 documentations
2026-01-29 14:31:07 - GET - property - list_states called
2026-01-29 14:31:07 - GET - property - Retrieved 36 states
2026-01-29 14:31:07 - GET - property - image_category_list called with method GET
2026-01-29 14:31:07 - GET - property - Retrieved 12 image categories
2026-01-29 14:31:07 - GET - property - amenity_list called with method GET
2026-01-29 14:31:07 - GET - property - Retrieved 8 amenities
2026-01-29 14:31:07 - GET - property - amenity_list called with method GET
2026-01-29 14:31:07 - GET - property - rule_list called with method GET
2026-01-29 14:31:08 - GET - property - Retrieved 8 amenities
2026-01-29 14:31:08 - GET - property - Retrieved 9 rules
2026-01-29 14:31:08 - GET - property - documentation_list called with method GET
2026-01-29 14:31:08 - GET - property - Retrieved 8 documentations
2026-01-29 14:31:08 - GET - property - rule_list called with method GET
2026-01-29 14:31:08 - GET - property - Retrieved 9 rules
2026-01-29 14:31:08 - GET - property - documentation_list called with method GET
2026-01-29 14:31:08 - GET - property - list_states called
2026-01-29 14:31:08 - GET - property - Retrieved 36 states
2026-01-29 14:31:08 - GET - property - image_category_list called with method GET
2026-01-29 14:31:08 - GET - property - Retrieved 8 documentations
2026-01-29 14:31:08 - GET - property - Retrieved 12 image categories
2026-01-29 14:31:08 - GET - property - amenity_list called with method GET
2026-01-29 14:31:08 - GET - property - list_states called
2026-01-29 14:31:08 - GET - property - Retrieved 36 states
2026-01-29 14:31:08 - GET - property - image_category_list called with method GET
2026-01-29 14:31:08 - GET - property - Retrieved 8 amenities
2026-01-29 14:31:08 - GET - property - rule_list called with method GET
2026-01-29 14:31:08 - GET - property - Retrieved 12 image categories
2026-01-29 14:31:08 - GET - property - Retrieved 9 rules
2026-01-29 14:31:08 - GET - property - documentation_list called with method GET
2026-01-29 14:31:08 - GET - property - Retrieved 8 documentations
2026-01-29 14:31:08 - GET - property - list_states called
2026-01-29 14:31:08 - GET - property - Retrieved 36 states
2026-01-29 14:31:08 - GET - property - image_category_list called with method GET
2026-01-29 14:31:08 - GET - property - Retrieved 12 image categories
2026-01-29 14:32:03 - PUT - property - property_detail called with method PUT for pk 5
2026-01-29 14:32:03 - PUT - property - Property 5 updated successfully
2026-01-29 14:32:04 - GET - property - property_list called with method GET
2026-01-29 14:32:04 - GET - property - Retrieved 6 properties
2026-01-29 14:32:14 - GET - property - get_all_properties called
2026-01-29 14:32:14 - GET - property - Fetching top reviews
2026-01-29 14:32:14 - GET - property - Retrieved 0 top reviews for property_type hotel
2026-01-29 14:32:15 - GET - property - Retrieved 6 properties
2026-01-29 14:32:22 - GET - property - get_all_properties called
2026-01-29 14:32:22 - GET - property - Fetching top reviews
2026-01-29 14:32:22 - GET - property - Retrieved 0 top reviews for property_type hostel
2026-01-29 14:32:23 - GET - property - Retrieved 6 properties
2026-01-29 14:32:27 - GET - property - property_detail called with method GET for pk 5
2026-01-29 14:32:27 - GET - property - Retrieved property 5
2026-01-29 14:32:37 - GET - property - property_detail called with method GET for pk 5
2026-01-29 14:32:38 - GET - property - Retrieved property 5
2026-01-29 14:32:38 - GET - property - amenity_list called with method GET
2026-01-29 14:32:38 - GET - property - Retrieved 8 amenities
2026-01-29 14:32:38 - GET - property - rule_list called with method GET
2026-01-29 14:32:38 - GET - property - Retrieved 9 rules
2026-01-29 14:32:38 - GET - property - documentation_list called with method GET
2026-01-29 14:32:38 - GET - property - Retrieved 8 documentations
2026-01-29 14:32:38 - GET - property - list_states called
2026-01-29 14:32:38 - GET - property - Retrieved 36 states
2026-01-29 14:32:38 - GET - property - image_category_list called with method GET
2026-01-29 14:32:38 - GET - property - Retrieved 12 image categories
2026-01-29 14:32:38 - GET - property - amenity_list called with method GET
2026-01-29 14:32:38 - GET - property - Retrieved 8 amenities
2026-01-29 14:32:38 - GET - property - amenity_list called with method GET
2026-01-29 14:32:38 - GET - property - rule_list called with method GET
2026-01-29 14:32:38 - GET - property - Retrieved 8 amenities
2026-01-29 14:32:38 - GET - property - Retrieved 9 rules
2026-01-29 14:32:38 - GET - property - rule_list called with method GET
2026-01-29 14:32:38 - GET - property - documentation_list called with method GET
2026-01-29 14:32:38 - GET - property - Retrieved 9 rules
2026-01-29 14:32:38 - GET - property - Retrieved 8 documentations
2026-01-29 14:32:38 - GET - property - documentation_list called with method GET
2026-01-29 14:32:38 - GET - property - Retrieved 8 documentations
2026-01-29 14:32:38 - GET - property - list_states called
2026-01-29 14:32:39 - GET - property - Retrieved 36 states
2026-01-29 14:32:39 - GET - property - image_category_list called with method GET
2026-01-29 14:32:39 - GET - property - list_states called
2026-01-29 14:32:39 - GET - property - Retrieved 12 image categories
2026-01-29 14:32:39 - GET - property - Retrieved 36 states
2026-01-29 14:32:39 - GET - property - amenity_list called with method GET
2026-01-29 14:32:39 - GET - property - image_category_list called with method GET
2026-01-29 14:32:39 - GET - property - Retrieved 8 amenities
2026-01-29 14:32:39 - GET - property - Retrieved 12 image categories
2026-01-29 14:32:39 - GET - property - rule_list called with method GET
2026-01-29 14:32:39 - GET - property - Retrieved 9 rules
2026-01-29 14:32:39 - GET - property - documentation_list called with method GET
2026-01-29 14:32:39 - GET - property - Retrieved 8 documentations
2026-01-29 14:32:39 - GET - property - list_states called
2026-01-29 14:32:39 - GET - property - Retrieved 36 states
2026-01-29 14:32:39 - GET - property - image_category_list called with method GET
2026-01-29 14:32:39 - GET - property - Retrieved 12 image categories
2026-01-29 14:34:32 - PUT - property - property_detail called with method PUT for pk 5
2026-01-29 14:34:33 - PUT - property - Property 5 updated successfully
2026-01-29 14:34:33 - GET - property - property_list called with method GET
2026-01-29 14:34:34 - GET - property - Retrieved 6 properties
2026-01-29 14:34:39 - GET - property - property_detail called with method GET for pk 5
2026-01-29 14:34:39 - GET - property - Retrieved property 5
2026-01-29 14:48:56 - GET - property - property_detail called with method GET for pk 3
2026-01-29 14:48:56 - GET - property - Retrieved property 3
2026-01-29 14:48:56 - GET - property - amenity_list called with method GET
2026-01-29 14:48:56 - GET - property - Retrieved 8 amenities
2026-01-29 14:48:56 - GET - property - rule_list called with method GET
2026-01-29 14:48:56 - GET - property - Retrieved 9 rules
2026-01-29 14:48:56 - GET - property - documentation_list called with method GET
2026-01-29 14:48:56 - GET - property - Retrieved 8 documentations
2026-01-29 14:48:56 - GET - property - list_states called
2026-01-29 14:48:56 - GET - property - Retrieved 36 states
2026-01-29 14:48:56 - GET - property - image_category_list called with method GET
2026-01-29 14:48:56 - GET - property - Retrieved 12 image categories
2026-01-29 14:48:56 - GET - property - amenity_list called with method GET
2026-01-29 14:48:56 - GET - property - Retrieved 8 amenities
2026-01-29 14:48:56 - GET - property - amenity_list called with method GET
2026-01-29 14:48:57 - GET - property - rule_list called with method GET
2026-01-29 14:48:57 - GET - property - Retrieved 8 amenities
2026-01-29 14:48:57 - GET - property - Retrieved 9 rules
2026-01-29 14:48:57 - GET - property - rule_list called with method GET
2026-01-29 14:48:57 - GET - property - documentation_list called with method GET
2026-01-29 14:48:57 - GET - property - Retrieved 8 documentations
2026-01-29 14:48:57 - GET - property - Retrieved 9 rules
2026-01-29 14:48:57 - GET - property - documentation_list called with method GET
2026-01-29 14:48:57 - GET - property - list_states called
2026-01-29 14:48:57 - GET - property - Retrieved 36 states
2026-01-29 14:48:57 - GET - property - image_category_list called with method GET
2026-01-29 14:48:57 - GET - property - Retrieved 8 documentations
2026-01-29 14:48:57 - GET - property - Retrieved 12 image categories
2026-01-29 14:48:57 - GET - property - amenity_list called with method GET
2026-01-29 14:48:57 - GET - property - list_states called
2026-01-29 14:48:57 - GET - property - Retrieved 36 states
2026-01-29 14:48:57 - GET - property - image_category_list called with method GET
2026-01-29 14:48:57 - GET - property - Retrieved 8 amenities
2026-01-29 14:48:57 - GET - property - rule_list called with method GET
2026-01-29 14:48:57 - GET - property - Retrieved 12 image categories
2026-01-29 14:48:57 - GET - property - Retrieved 9 rules
2026-01-29 14:48:57 - GET - property - documentation_list called with method GET
2026-01-29 14:48:57 - GET - property - Retrieved 8 documentations
2026-01-29 14:48:57 - GET - property - list_states called
2026-01-29 14:48:57 - GET - property - Retrieved 36 states
2026-01-29 14:48:57 - GET - property - image_category_list called with method GET
2026-01-29 14:48:57 - GET - property - Retrieved 12 image categories
2026-01-29 14:51:11 - GET - property - property_detail called with method GET for pk 3
2026-01-29 14:51:11 - GET - property - property_detail called with method GET for pk 5
2026-01-29 14:51:11 - GET - property - Retrieved property 3
2026-01-29 14:51:11 - GET - property - Retrieved property 5
2026-01-29 14:51:11 - GET - property - amenity_list called with method GET
2026-01-29 14:51:11 - GET - property - Retrieved 8 amenities
2026-01-29 14:51:11 - GET - property - rule_list called with method GET
2026-01-29 14:51:11 - GET - property - Retrieved 9 rules
2026-01-29 14:51:11 - GET - property - documentation_list called with method GET
2026-01-29 14:51:11 - GET - property - Retrieved 8 documentations
2026-01-29 14:51:12 - GET - property - list_states called
2026-01-29 14:51:12 - GET - property - Retrieved 36 states
2026-01-29 14:51:12 - GET - property - image_category_list called with method GET
2026-01-29 14:51:12 - GET - property - Retrieved 12 image categories
2026-01-29 14:51:12 - GET - property - amenity_list called with method GET
2026-01-29 14:51:12 - GET - property - Retrieved 8 amenities
2026-01-29 14:51:12 - GET - property - amenity_list called with method GET
2026-01-29 14:51:12 - GET - property - rule_list called with method GET
2026-01-29 14:51:12 - GET - property - Retrieved 8 amenities
2026-01-29 14:51:12 - GET - property - Retrieved 9 rules
2026-01-29 14:51:12 - GET - property - rule_list called with method GET
2026-01-29 14:51:12 - GET - property - documentation_list called with method GET
2026-01-29 14:51:12 - GET - property - Retrieved 9 rules
2026-01-29 14:51:12 - GET - property - Retrieved 8 documentations
2026-01-29 14:51:12 - GET - property - documentation_list called with method GET
2026-01-29 14:51:12 - GET - property - Retrieved 8 documentations
2026-01-29 14:51:12 - GET - property - list_states called
2026-01-29 14:51:12 - GET - property - Retrieved 36 states
2026-01-29 14:51:12 - GET - property - image_category_list called with method GET
2026-01-29 14:51:12 - GET - property - list_states called
2026-01-29 14:51:12 - GET - property - Retrieved 36 states
2026-01-29 14:51:12 - GET - property - Retrieved 12 image categories
2026-01-29 14:51:12 - GET - property - image_category_list called with method GET
2026-01-29 14:51:13 - GET - property - amenity_list called with method GET
2026-01-29 14:51:13 - GET - property - Retrieved 12 image categories
2026-01-29 14:51:13 - GET - property - Retrieved 8 amenities
2026-01-29 14:51:13 - GET - property - rule_list called with method GET
2026-01-29 14:51:13 - GET - property - Retrieved 9 rules
2026-01-29 14:51:13 - GET - property - documentation_list called with method GET
2026-01-29 14:51:13 - GET - property - Retrieved 8 documentations
2026-01-29 14:51:13 - GET - property - list_states called
2026-01-29 14:51:13 - GET - property - Retrieved 36 states
2026-01-29 14:51:13 - GET - property - image_category_list called with method GET
2026-01-29 14:51:13 - GET - property - Retrieved 12 image categories
2026-01-29 15:01:53 - GET - property - property_list called with method GET
2026-01-29 15:01:54 - GET - property - Retrieved 6 properties
2026-01-29 15:03:08 - GET - property - amenity_list called with method GET
2026-01-29 15:03:08 - GET - property - Retrieved 8 amenities
2026-01-29 15:03:08 - GET - property - rule_list called with method GET
2026-01-29 15:03:09 - GET - property - Retrieved 9 rules
2026-01-29 15:03:09 - GET - property - documentation_list called with method GET
2026-01-29 15:03:09 - GET - property - Retrieved 8 documentations
2026-01-29 15:03:09 - GET - property - list_states called
2026-01-29 15:03:09 - GET - property - Retrieved 36 states
2026-01-29 15:03:09 - GET - property - image_category_list called with method GET
2026-01-29 15:03:09 - GET - property - Retrieved 12 image categories
2026-01-29 15:03:09 - GET - property - amenity_list called with method GET
2026-01-29 15:03:09 - GET - property - Retrieved 8 amenities
2026-01-29 15:03:09 - GET - property - amenity_list called with method GET
2026-01-29 15:03:09 - GET - property - rule_list called with method GET
2026-01-29 15:03:09 - GET - property - Retrieved 8 amenities
2026-01-29 15:03:09 - GET - property - Retrieved 9 rules
2026-01-29 15:03:09 - GET - property - rule_list called with method GET
2026-01-29 15:03:09 - GET - property - documentation_list called with method GET
2026-01-29 15:03:09 - GET - property - Retrieved 9 rules
2026-01-29 15:03:09 - GET - property - Retrieved 8 documentations
2026-01-29 15:03:09 - GET - property - documentation_list called with method GET
2026-01-29 15:03:09 - GET - property - Retrieved 8 documentations
2026-01-29 15:03:09 - GET - property - list_states called
2026-01-29 15:03:09 - GET - property - Retrieved 36 states
2026-01-29 15:03:09 - GET - property - image_category_list called with method GET
2026-01-29 15:03:09 - GET - property - list_states called
2026-01-29 15:03:09 - GET - property - Retrieved 12 image categories
2026-01-29 15:03:09 - GET - property - Retrieved 36 states
2026-01-29 15:03:09 - GET - property - image_category_list called with method GET
2026-01-29 15:03:09 - GET - property - Retrieved 12 image categories
2026-01-29 15:03:09 - GET - property - amenity_list called with method GET
2026-01-29 15:03:10 - GET - property - Retrieved 8 amenities
2026-01-29 15:03:10 - GET - property - rule_list called with method GET
2026-01-29 15:03:10 - GET - property - Retrieved 9 rules
2026-01-29 15:03:10 - GET - property - documentation_list called with method GET
2026-01-29 15:03:10 - GET - property - Retrieved 8 documentations
2026-01-29 15:03:10 - GET - property - list_states called
2026-01-29 15:03:10 - GET - property - Retrieved 36 states
2026-01-29 15:03:10 - GET - property - image_category_list called with method GET
2026-01-29 15:03:10 - GET - property - Retrieved 12 image categories
2026-01-29 15:05:41 - GET - property - amenity_list called with method GET
2026-01-29 15:05:42 - GET - property - Retrieved 8 amenities
2026-01-29 15:05:42 - GET - property - rule_list called with method GET
2026-01-29 15:05:42 - GET - property - Retrieved 9 rules
2026-01-29 15:05:42 - GET - property - documentation_list called with method GET
2026-01-29 15:05:42 - GET - property - Retrieved 8 documentations
2026-01-29 15:05:42 - GET - property - list_states called
2026-01-29 15:05:42 - GET - property - Retrieved 36 states
2026-01-29 15:05:42 - GET - property - image_category_list called with method GET
2026-01-29 15:05:42 - GET - property - Retrieved 12 image categories
2026-01-29 15:06:53 - GET - property - amenity_list called with method GET
2026-01-29 15:06:53 - GET - property - Retrieved 8 amenities
2026-01-29 15:06:53 - GET - property - rule_list called with method GET
2026-01-29 15:06:53 - GET - property - Retrieved 9 rules
2026-01-29 15:06:53 - GET - property - documentation_list called with method GET
2026-01-29 15:06:53 - GET - property - Retrieved 8 documentations
2026-01-29 15:06:53 - GET - property - list_states called
2026-01-29 15:06:53 - GET - property - Retrieved 36 states
2026-01-29 15:06:53 - GET - property - image_category_list called with method GET
2026-01-29 15:06:53 - GET - property - Retrieved 12 image categories
2026-01-29 15:07:02 - GET - property - property_list called with method GET
2026-01-29 15:07:03 - GET - property - Retrieved 6 properties
2026-01-29 15:07:07 - GET - property - property_detail called with method GET for pk 5
2026-01-29 15:07:07 - GET - property - Retrieved property 5
2026-01-29 15:07:07 - GET - property - amenity_list called with method GET
2026-01-29 15:07:07 - GET - property - Retrieved 8 amenities
2026-01-29 15:07:07 - GET - property - rule_list called with method GET
2026-01-29 15:07:07 - GET - property - Retrieved 9 rules
2026-01-29 15:07:07 - GET - property - documentation_list called with method GET
2026-01-29 15:07:07 - GET - property - Retrieved 8 documentations
2026-01-29 15:07:07 - GET - property - list_states called
2026-01-29 15:07:07 - GET - property - Retrieved 36 states
2026-01-29 15:07:07 - GET - property - image_category_list called with method GET
2026-01-29 15:07:07 - GET - property - Retrieved 12 image categories
2026-01-29 15:07:07 - GET - property - amenity_list called with method GET
2026-01-29 15:07:07 - GET - property - Retrieved 8 amenities
2026-01-29 15:07:07 - GET - property - amenity_list called with method GET
2026-01-29 15:07:07 - GET - property - rule_list called with method GET
2026-01-29 15:07:08 - GET - property - Retrieved 8 amenities
2026-01-29 15:07:08 - GET - property - Retrieved 9 rules
2026-01-29 15:07:08 - GET - property - documentation_list called with method GET
2026-01-29 15:07:08 - GET - property - rule_list called with method GET
2026-01-29 15:07:08 - GET - property - Retrieved 8 documentations
2026-01-29 15:07:08 - GET - property - Retrieved 9 rules
2026-01-29 15:07:08 - GET - property - list_states called
2026-01-29 15:07:08 - GET - property - Retrieved 36 states
2026-01-29 15:07:08 - GET - property - documentation_list called with method GET
2026-01-29 15:07:08 - GET - property - image_category_list called with method GET
2026-01-29 15:07:08 - GET - property - Retrieved 8 documentations
2026-01-29 15:07:08 - GET - property - Retrieved 12 image categories
2026-01-29 15:07:08 - GET - property - amenity_list called with method GET
2026-01-29 15:07:08 - GET - property - list_states called
2026-01-29 15:07:08 - GET - property - Retrieved 36 states
2026-01-29 15:07:08 - GET - property - image_category_list called with method GET
2026-01-29 15:07:08 - GET - property - Retrieved 8 amenities
2026-01-29 15:07:08 - GET - property - rule_list called with method GET
2026-01-29 15:07:08 - GET - property - Retrieved 12 image categories
2026-01-29 15:07:08 - GET - property - Retrieved 9 rules
2026-01-29 15:07:08 - GET - property - documentation_list called with method GET
2026-01-29 15:07:08 - GET - property - Retrieved 8 documentations
2026-01-29 15:07:08 - GET - property - list_states called
2026-01-29 15:07:08 - GET - property - Retrieved 36 states
2026-01-29 15:07:08 - GET - property - image_category_list called with method GET
2026-01-29 15:07:08 - GET - property - Retrieved 12 image categories
2026-01-29 15:07:34 - GET - property - amenity_list called with method GET
2026-01-29 15:07:34 - GET - property - Retrieved 8 amenities
2026-01-29 15:07:34 - GET - property - rule_list called with method GET
2026-01-29 15:07:34 - GET - property - Retrieved 9 rules
2026-01-29 15:07:34 - GET - property - documentation_list called with method GET
2026-01-29 15:07:34 - GET - property - Retrieved 8 documentations
2026-01-29 15:07:34 - GET - property - list_states called
2026-01-29 15:07:34 - GET - property - Retrieved 36 states
2026-01-29 15:07:34 - GET - property - image_category_list called with method GET
2026-01-29 15:07:34 - GET - property - Retrieved 12 image categories
2026-01-29 15:07:44 - GET - property - property_list called with method GET
2026-01-29 15:07:45 - GET - property - Retrieved 6 properties
2026-01-29 15:07:47 - GET - property - property_detail called with method GET for pk 5
2026-01-29 15:07:47 - GET - property - Retrieved property 5
2026-01-29 15:07:47 - GET - property - amenity_list called with method GET
2026-01-29 15:07:47 - GET - property - Retrieved 8 amenities
2026-01-29 15:07:47 - GET - property - rule_list called with method GET
2026-01-29 15:07:47 - GET - property - Retrieved 9 rules
2026-01-29 15:07:47 - GET - property - documentation_list called with method GET
2026-01-29 15:07:47 - GET - property - Retrieved 8 documentations
2026-01-29 15:07:47 - GET - property - list_states called
2026-01-29 15:07:47 - GET - property - Retrieved 36 states
2026-01-29 15:07:47 - GET - property - image_category_list called with method GET
2026-01-29 15:07:47 - GET - property - Retrieved 12 image categories
2026-01-29 15:07:47 - GET - property - amenity_list called with method GET
2026-01-29 15:07:47 - GET - property - Retrieved 8 amenities
2026-01-29 15:07:47 - GET - property - amenity_list called with method GET
2026-01-29 15:07:47 - GET - property - rule_list called with method GET
2026-01-29 15:07:47 - GET - property - Retrieved 8 amenities
2026-01-29 15:07:47 - GET - property - Retrieved 9 rules
2026-01-29 15:07:47 - GET - property - rule_list called with method GET
2026-01-29 15:07:47 - GET - property - documentation_list called with method GET
2026-01-29 15:07:48 - GET - property - Retrieved 9 rules
2026-01-29 15:07:48 - GET - property - Retrieved 8 documentations
2026-01-29 15:07:48 - GET - property - documentation_list called with method GET
2026-01-29 15:07:48 - GET - property - Retrieved 8 documentations
2026-01-29 15:07:48 - GET - property - list_states called
2026-01-29 15:07:48 - GET - property - Retrieved 36 states
2026-01-29 15:07:48 - GET - property - list_states called
2026-01-29 15:07:48 - GET - property - Retrieved 36 states
2026-01-29 15:07:48 - GET - property - image_category_list called with method GET
2026-01-29 15:07:48 - GET - property - Retrieved 12 image categories
2026-01-29 15:07:48 - GET - property - image_category_list called with method GET
2026-01-29 15:07:48 - GET - property - amenity_list called with method GET
2026-01-29 15:07:48 - GET - property - Retrieved 12 image categories
2026-01-29 15:07:48 - GET - property - Retrieved 8 amenities
2026-01-29 15:07:48 - GET - property - rule_list called with method GET
2026-01-29 15:07:48 - GET - property - Retrieved 9 rules
2026-01-29 15:07:48 - GET - property - documentation_list called with method GET
2026-01-29 15:07:48 - GET - property - Retrieved 8 documentations
2026-01-29 15:07:48 - GET - property - list_states called
2026-01-29 15:07:48 - GET - property - Retrieved 36 states
2026-01-29 15:07:48 - GET - property - image_category_list called with method GET
2026-01-29 15:07:48 - GET - property - Retrieved 12 image categories
2026-01-29 15:08:22 - GET - property - property_detail called with method GET for pk 5
2026-01-29 15:08:22 - GET - property - Retrieved property 5
2026-01-29 15:08:22 - GET - property - amenity_list called with method GET
2026-01-29 15:08:22 - GET - property - Retrieved 8 amenities
2026-01-29 15:08:22 - GET - property - rule_list called with method GET
2026-01-29 15:08:22 - GET - property - Retrieved 9 rules
2026-01-29 15:08:22 - GET - property - documentation_list called with method GET
2026-01-29 15:08:23 - GET - property - Retrieved 8 documentations
2026-01-29 15:08:23 - GET - property - list_states called
2026-01-29 15:08:23 - GET - property - Retrieved 36 states
2026-01-29 15:08:23 - GET - property - image_category_list called with method GET
2026-01-29 15:08:23 - GET - property - Retrieved 12 image categories
2026-01-29 15:08:23 - GET - property - amenity_list called with method GET
2026-01-29 15:08:23 - GET - property - Retrieved 8 amenities
2026-01-29 15:08:23 - GET - property - amenity_list called with method GET
2026-01-29 15:08:23 - GET - property - rule_list called with method GET
2026-01-29 15:08:23 - GET - property - Retrieved 8 amenities
2026-01-29 15:08:23 - GET - property - Retrieved 9 rules
2026-01-29 15:08:23 - GET - property - rule_list called with method GET
2026-01-29 15:08:23 - GET - property - documentation_list called with method GET
2026-01-29 15:08:23 - GET - property - Retrieved 9 rules
2026-01-29 15:08:23 - GET - property - Retrieved 8 documentations
2026-01-29 15:08:23 - GET - property - documentation_list called with method GET
2026-01-29 15:08:23 - GET - property - list_states called
2026-01-29 15:08:23 - GET - property - Retrieved 36 states
2026-01-29 15:08:23 - GET - property - Retrieved 8 documentations
2026-01-29 15:08:23 - GET - property - image_category_list called with method GET
2026-01-29 15:08:23 - GET - property - Retrieved 12 image categories
2026-01-29 15:08:23 - GET - property - list_states called
2026-01-29 15:08:23 - GET - property - Retrieved 36 states
2026-01-29 15:08:23 - GET - property - amenity_list called with method GET
2026-01-29 15:08:23 - GET - property - image_category_list called with method GET
2026-01-29 15:08:24 - GET - property - Retrieved 8 amenities
2026-01-29 15:08:24 - GET - property - rule_list called with method GET
2026-01-29 15:08:24 - GET - property - Retrieved 12 image categories
2026-01-29 15:08:24 - GET - property - Retrieved 9 rules
2026-01-29 15:08:24 - GET - property - documentation_list called with method GET
2026-01-29 15:08:24 - GET - property - Retrieved 8 documentations
2026-01-29 15:08:24 - GET - property - list_states called
2026-01-29 15:08:24 - GET - property - Retrieved 36 states
2026-01-29 15:08:24 - GET - property - image_category_list called with method GET
2026-01-29 15:08:24 - GET - property - Retrieved 12 image categories
2026-01-29 15:09:53 - GET - property - property_list called with method GET
2026-01-29 15:09:54 - GET - property - Retrieved 6 properties
2026-01-29 15:09:54 - GET - views - list_users called
2026-01-29 15:09:55 - GET - views - Retrieved 16 users
2026-01-29 15:11:39 - GET - property - property_list called with method GET
2026-01-29 15:11:40 - GET - property - Retrieved 6 properties
2026-01-29 15:11:40 - GET - views - list_users called
2026-01-29 15:11:40 - GET - views - Retrieved 16 users
2026-01-29 15:11:54 - GET - property - property_list called with method GET
2026-01-29 15:11:55 - GET - property - Retrieved 6 properties
2026-01-29 15:11:58 - GET - property - amenity_list called with method GET
2026-01-29 15:11:58 - GET - property - Retrieved 8 amenities
2026-01-29 15:11:58 - GET - property - rule_list called with method GET
2026-01-29 15:11:58 - GET - property - Retrieved 9 rules
2026-01-29 15:11:58 - GET - property - documentation_list called with method GET
2026-01-29 15:11:58 - GET - property - Retrieved 8 documentations
2026-01-29 15:11:58 - GET - property - list_states called
2026-01-29 15:11:58 - GET - property - Retrieved 36 states
2026-01-29 15:11:58 - GET - property - image_category_list called with method GET
2026-01-29 15:11:58 - GET - property - Retrieved 12 image categories
2026-01-29 15:11:58 - GET - property - amenity_list called with method GET
2026-01-29 15:11:58 - GET - property - Retrieved 8 amenities
2026-01-29 15:11:59 - GET - property - rule_list called with method GET
2026-01-29 15:11:59 - GET - property - amenity_list called with method GET
2026-01-29 15:11:59 - GET - property - Retrieved 8 amenities
2026-01-29 15:11:59 - GET - property - Retrieved 9 rules
2026-01-29 15:11:59 - GET - property - rule_list called with method GET
2026-01-29 15:11:59 - GET - property - documentation_list called with method GET
2026-01-29 15:11:59 - GET - property - Retrieved 9 rules
2026-01-29 15:11:59 - GET - property - Retrieved 8 documentations
2026-01-29 15:11:59 - GET - property - documentation_list called with method GET
2026-01-29 15:11:59 - GET - property - Retrieved 8 documentations
2026-01-29 15:11:59 - GET - property - list_states called
2026-01-29 15:11:59 - GET - property - Retrieved 36 states
2026-01-29 15:11:59 - GET - property - image_category_list called with method GET
2026-01-29 15:11:59 - GET - property - list_states called
2026-01-29 15:11:59 - GET - property - Retrieved 12 image categories
2026-01-29 15:11:59 - GET - property - Retrieved 36 states
2026-01-29 15:11:59 - GET - property - image_category_list called with method GET
2026-01-29 15:11:59 - GET - property - Retrieved 12 image categories
2026-01-29 15:11:59 - GET - property - amenity_list called with method GET
2026-01-29 15:11:59 - GET - property - Retrieved 8 amenities
2026-01-29 15:11:59 - GET - property - rule_list called with method GET
2026-01-29 15:11:59 - GET - property - Retrieved 9 rules
2026-01-29 15:11:59 - GET - property - documentation_list called with method GET
2026-01-29 15:11:59 - GET - property - Retrieved 8 documentations
2026-01-29 15:11:59 - GET - property - list_states called
2026-01-29 15:11:59 - GET - property - Retrieved 36 states
2026-01-29 15:11:59 - GET - property - image_category_list called with method GET
2026-01-29 15:11:59 - GET - property - Retrieved 12 image categories
2026-01-29 15:15:29 - GET - property - amenity_list called with method GET
2026-01-29 15:15:29 - GET - property - Retrieved 8 amenities
2026-01-29 15:15:29 - GET - property - rule_list called with method GET
2026-01-29 15:15:29 - GET - property - Retrieved 9 rules
2026-01-29 15:15:29 - GET - property - documentation_list called with method GET
2026-01-29 15:15:29 - GET - property - Retrieved 8 documentations
2026-01-29 15:15:29 - GET - property - list_states called
2026-01-29 15:15:29 - GET - property - Retrieved 36 states
2026-01-29 15:15:29 - GET - property - image_category_list called with method GET
2026-01-29 15:15:30 - GET - property - Retrieved 12 image categories
