2026-02-03 02:17:40 - GET - property - get_all_properties called
2026-02-03 02:17:40 - GET - property - Fetching top reviews
2026-02-03 02:17:40 - GET - property - Retrieved 0 top reviews for property_type hotel
2026-02-03 02:17:41 - GET - property - Retrieved 6 properties
2026-02-03 02:17:45 - GET - property - property_detail called with method GET for pk 6
2026-02-03 02:17:45 - GET - property - Retrieved property 6
2026-02-03 02:26:44 - GET - property - property_detail called with method GET for pk 6
2026-02-03 02:26:44 - GET - property - Retrieved property 6
2026-02-03 02:26:47 - GET - property - Public property search requested
2026-02-03 02:26:47 - GET - property - Public property search completed
2026-02-03 02:26:47 - GET - property - amenity_list called with method GET
2026-02-03 02:26:47 - GET - property - Retrieved 8 amenities
2026-02-03 02:26:52 - GET - property - get_all_properties called
2026-02-03 02:26:52 - GET - property - Fetching top reviews
2026-02-03 02:26:52 - GET - property - Retrieved 0 top reviews for property_type hotel
2026-02-03 02:26:53 - GET - property - Retrieved 6 properties
2026-02-03 02:29:53 - GET - property - property_detail called with method GET for pk 6
2026-02-03 02:29:54 - GET - property - Retrieved property 6
2026-02-03 02:36:24 - GET - property - property_detail called with method GET for pk 6
2026-02-03 02:36:25 - GET - property - Retrieved property 6
2026-02-03 02:37:04 - POST - views - Static login number detected: 8342091661, skipping OTP send
2026-02-03 02:37:11 - POST - views - Static login verification for mobile: 8342091661, Expected OTP: 420916, Provided OTP: 420916
2026-02-03 02:37:11 - POST - views - Static login successful for mobile: 8342091661
2026-02-03 02:37:12 - POST - views - User 8342091661 logged in
2026-02-03 02:37:12 - GET - views - Profile viewed for user: 8342091661
2026-02-03 02:37:32 - GET - property - property_list called with method GET
2026-02-03 02:37:33 - GET - property - Retrieved 6 properties
2026-02-03 02:37:36 - GET - property - property_detail called with method GET for pk 6
2026-02-03 02:37:36 - GET - property - Retrieved property 6
2026-02-03 02:37:36 - GET - property - amenity_list called with method GET
2026-02-03 02:37:36 - GET - property - Retrieved 8 amenities
2026-02-03 02:37:36 - GET - property - rule_list called with method GET
2026-02-03 02:37:36 - GET - property - Retrieved 9 rules
2026-02-03 02:37:36 - GET - property - documentation_list called with method GET
2026-02-03 02:37:36 - GET - property - Retrieved 8 documentations
2026-02-03 02:37:36 - GET - property - list_states called
2026-02-03 02:37:36 - GET - property - Retrieved 36 states
2026-02-03 02:37:36 - GET - property - image_category_list called with method GET
2026-02-03 02:37:37 - GET - property - Retrieved 12 image categories
2026-02-03 02:37:37 - GET - property - amenity_list called with method GET
2026-02-03 02:37:37 - GET - property - Retrieved 8 amenities
2026-02-03 02:37:37 - GET - property - amenity_list called with method GET
2026-02-03 02:37:37 - GET - property - rule_list called with method GET
2026-02-03 02:37:37 - GET - property - Retrieved 9 rules
2026-02-03 02:37:37 - GET - property - Retrieved 8 amenities
2026-02-03 02:37:37 - GET - property - rule_list called with method GET
2026-02-03 02:37:37 - GET - property - documentation_list called with method GET
2026-02-03 02:37:37 - GET - property - Retrieved 8 documentations
2026-02-03 02:37:37 - GET - property - Retrieved 9 rules
2026-02-03 02:37:37 - GET - property - documentation_list called with method GET
2026-02-03 02:37:37 - GET - property - list_states called
2026-02-03 02:37:37 - GET - property - Retrieved 8 documentations
2026-02-03 02:37:37 - GET - property - Retrieved 36 states
2026-02-03 02:37:37 - GET - property - image_category_list called with method GET
2026-02-03 02:37:37 - GET - property - list_states called
2026-02-03 02:37:37 - GET - property - Retrieved 36 states
2026-02-03 02:37:37 - GET - property - Retrieved 12 image categories
2026-02-03 02:37:37 - GET - property - image_category_list called with method GET
2026-02-03 02:37:37 - GET - property - amenity_list called with method GET
2026-02-03 02:37:37 - GET - property - Retrieved 12 image categories
2026-02-03 02:37:37 - GET - property - Retrieved 8 amenities
2026-02-03 02:37:37 - GET - property - rule_list called with method GET
2026-02-03 02:37:37 - GET - property - Retrieved 9 rules
2026-02-03 02:37:37 - GET - property - documentation_list called with method GET
2026-02-03 02:37:37 - GET - property - Retrieved 8 documentations
2026-02-03 02:37:37 - GET - property - list_states called
2026-02-03 02:37:37 - GET - property - Retrieved 36 states
2026-02-03 02:37:37 - GET - property - image_category_list called with method GET
2026-02-03 02:37:37 - GET - property - Retrieved 12 image categories
2026-02-03 02:37:48 - PUT - property - property_detail called with method PUT for pk 6
2026-02-03 02:37:48 - PUT - property - Property 6 updated successfully
2026-02-03 02:37:48 - GET - property - property_list called with method GET
2026-02-03 02:37:49 - GET - property - Retrieved 6 properties
2026-02-03 02:37:53 - GET - property - property_detail called with method GET for pk 6
2026-02-03 02:37:53 - GET - property - Retrieved property 6
2026-02-03 02:42:09 - GET - property - property_detail called with method GET for pk 6
2026-02-03 02:42:09 - GET - property - Retrieved property 6
2026-02-03 02:42:13 - GET - property - property_detail called with method GET for pk 6
2026-02-03 02:42:14 - GET - property - Retrieved property 6
2026-02-03 02:42:20 - GET - property - property_detail called with method GET for pk 6
2026-02-03 02:42:20 - GET - property - Retrieved property 6
2026-02-03 02:42:36 - GET - property - property_detail called with method GET for pk 6
2026-02-03 02:42:36 - GET - property - Retrieved property 6
2026-02-03 02:46:09 - GET - property - property_detail called with method GET for pk 6
2026-02-03 02:46:09 - GET - property - Retrieved property 6
2026-02-03 02:46:09 - GET - property - amenity_list called with method GET
2026-02-03 02:46:09 - GET - property - Retrieved 8 amenities
2026-02-03 02:46:09 - GET - property - rule_list called with method GET
2026-02-03 02:46:09 - GET - property - Retrieved 9 rules
2026-02-03 02:46:09 - GET - property - documentation_list called with method GET
2026-02-03 02:46:10 - GET - property - Retrieved 8 documentations
2026-02-03 02:46:10 - GET - property - list_states called
2026-02-03 02:46:10 - GET - property - Retrieved 36 states
2026-02-03 02:46:10 - GET - property - image_category_list called with method GET
2026-02-03 02:46:10 - GET - property - Retrieved 12 image categories
2026-02-03 02:46:10 - GET - property - amenity_list called with method GET
2026-02-03 02:46:10 - GET - property - Retrieved 8 amenities
2026-02-03 02:46:10 - GET - property - amenity_list called with method GET
2026-02-03 02:46:10 - GET - property - rule_list called with method GET
2026-02-03 02:46:10 - GET - property - Retrieved 8 amenities
2026-02-03 02:46:10 - GET - property - Retrieved 9 rules
2026-02-03 02:46:10 - GET - property - documentation_list called with method GET
2026-02-03 02:46:10 - GET - property - rule_list called with method GET
2026-02-03 02:46:10 - GET - property - Retrieved 8 documentations
2026-02-03 02:46:10 - GET - property - Retrieved 9 rules
2026-02-03 02:46:10 - GET - property - documentation_list called with method GET
2026-02-03 02:46:10 - GET - property - list_states called
2026-02-03 02:46:10 - GET - property - Retrieved 36 states
2026-02-03 02:46:10 - GET - property - image_category_list called with method GET
2026-02-03 02:46:10 - GET - property - Retrieved 8 documentations
2026-02-03 02:46:10 - GET - property - Retrieved 12 image categories
2026-02-03 02:46:10 - GET - property - amenity_list called with method GET
2026-02-03 02:46:10 - GET - property - list_states called
2026-02-03 02:46:10 - GET - property - Retrieved 36 states
2026-02-03 02:46:10 - GET - property - image_category_list called with method GET
2026-02-03 02:46:10 - GET - property - Retrieved 8 amenities
2026-02-03 02:46:10 - GET - property - rule_list called with method GET
2026-02-03 02:46:10 - GET - property - Retrieved 12 image categories
2026-02-03 02:46:10 - GET - property - Retrieved 9 rules
2026-02-03 02:46:10 - GET - property - documentation_list called with method GET
2026-02-03 02:46:10 - GET - property - Retrieved 8 documentations
2026-02-03 02:46:11 - GET - property - list_states called
2026-02-03 02:46:11 - GET - property - Retrieved 36 states
2026-02-03 02:46:11 - GET - property - image_category_list called with method GET
2026-02-03 02:46:11 - GET - property - Retrieved 12 image categories
2026-02-03 02:46:35 - POST - property - amenity_list called with method POST
2026-02-03 02:46:35 - POST - property - Amenity created successfully with id 9
2026-02-03 02:46:35 - GET - property - amenity_list called with method GET
2026-02-03 02:46:35 - GET - property - Retrieved 9 amenities
2026-02-03 02:46:58 - POST - property - amenity_list called with method POST
2026-02-03 02:46:58 - POST - property - Amenity created successfully with id 10
2026-02-03 02:46:58 - GET - property - amenity_list called with method GET
2026-02-03 02:46:58 - GET - property - Retrieved 10 amenities
2026-02-03 02:47:09 - POST - property - amenity_list called with method POST
2026-02-03 02:47:09 - POST - property - Amenity created successfully with id 11
2026-02-03 02:47:09 - GET - property - amenity_list called with method GET
2026-02-03 02:47:09 - GET - property - Retrieved 11 amenities
2026-02-03 02:47:33 - POST - property - amenity_list called with method POST
2026-02-03 02:47:33 - POST - property - Amenity created successfully with id 12
2026-02-03 02:47:33 - GET - property - amenity_list called with method GET
2026-02-03 02:47:33 - GET - property - Retrieved 12 amenities
2026-02-03 02:47:41 - PUT - property - property_detail called with method PUT for pk 6
2026-02-03 02:47:41 - PUT - property - Property 6 updated successfully
2026-02-03 02:47:41 - GET - property - property_list called with method GET
2026-02-03 02:47:42 - GET - property - Retrieved 6 properties
2026-02-03 02:47:44 - GET - property - property_detail called with method GET for pk 6
2026-02-03 02:47:45 - GET - property - Retrieved property 6
2026-02-03 02:48:20 - GET - property - property_detail called with method GET for pk 6
2026-02-03 02:48:20 - GET - property - Retrieved property 6
2026-02-03 02:48:20 - GET - property - amenity_list called with method GET
2026-02-03 02:48:20 - GET - property - Retrieved 12 amenities
2026-02-03 02:48:20 - GET - property - rule_list called with method GET
2026-02-03 02:48:20 - GET - property - Retrieved 9 rules
2026-02-03 02:48:20 - GET - property - documentation_list called with method GET
2026-02-03 02:48:21 - GET - property - Retrieved 8 documentations
2026-02-03 02:48:21 - GET - property - list_states called
2026-02-03 02:48:21 - GET - property - Retrieved 36 states
2026-02-03 02:48:21 - GET - property - image_category_list called with method GET
2026-02-03 02:48:21 - GET - property - Retrieved 12 image categories
2026-02-03 02:48:21 - GET - property - amenity_list called with method GET
2026-02-03 02:48:21 - GET - property - Retrieved 12 amenities
2026-02-03 02:48:21 - GET - property - amenity_list called with method GET
2026-02-03 02:48:21 - GET - property - rule_list called with method GET
2026-02-03 02:48:21 - GET - property - Retrieved 9 rules
2026-02-03 02:48:21 - GET - property - Retrieved 12 amenities
2026-02-03 02:48:21 - GET - property - documentation_list called with method GET
2026-02-03 02:48:21 - GET - property - rule_list called with method GET
2026-02-03 02:48:21 - GET - property - Retrieved 8 documentations
2026-02-03 02:48:21 - GET - property - Retrieved 9 rules
2026-02-03 02:48:21 - GET - property - documentation_list called with method GET
2026-02-03 02:48:21 - GET - property - list_states called
2026-02-03 02:48:21 - GET - property - Retrieved 36 states
2026-02-03 02:48:21 - GET - property - image_category_list called with method GET
2026-02-03 02:48:21 - GET - property - Retrieved 8 documentations
2026-02-03 02:48:21 - GET - property - Retrieved 12 image categories
2026-02-03 02:48:21 - GET - property - amenity_list called with method GET
2026-02-03 02:48:21 - GET - property - list_states called
2026-02-03 02:48:21 - GET - property - Retrieved 36 states
2026-02-03 02:48:21 - GET - property - image_category_list called with method GET
2026-02-03 02:48:21 - GET - property - Retrieved 12 amenities
2026-02-03 02:48:21 - GET - property - rule_list called with method GET
2026-02-03 02:48:21 - GET - property - Retrieved 12 image categories
2026-02-03 02:48:21 - GET - property - Retrieved 9 rules
2026-02-03 02:48:21 - GET - property - documentation_list called with method GET
2026-02-03 02:48:21 - GET - property - Retrieved 8 documentations
2026-02-03 02:48:22 - GET - property - list_states called
2026-02-03 02:48:22 - GET - property - Retrieved 36 states
2026-02-03 02:48:22 - GET - property - image_category_list called with method GET
2026-02-03 02:48:22 - GET - property - Retrieved 12 image categories
2026-02-03 02:48:26 - GET - property - property_detail called with method GET for pk 6
2026-02-03 02:48:26 - GET - property - Retrieved property 6
2026-02-03 02:48:27 - GET - property - amenity_list called with method GET
2026-02-03 02:48:27 - GET - property - Retrieved 12 amenities
2026-02-03 02:48:27 - GET - property - rule_list called with method GET
2026-02-03 02:48:27 - GET - property - Retrieved 9 rules
2026-02-03 02:48:27 - GET - property - documentation_list called with method GET
2026-02-03 02:48:27 - GET - property - Retrieved 8 documentations
2026-02-03 02:48:27 - GET - property - list_states called
2026-02-03 02:48:27 - GET - property - Retrieved 36 states
2026-02-03 02:48:27 - GET - property - image_category_list called with method GET
2026-02-03 02:48:27 - GET - property - Retrieved 12 image categories
2026-02-03 02:48:27 - GET - property - amenity_list called with method GET
2026-02-03 02:48:27 - GET - property - Retrieved 12 amenities
2026-02-03 02:48:27 - GET - property - amenity_list called with method GET
2026-02-03 02:48:27 - GET - property - rule_list called with method GET
2026-02-03 02:48:27 - GET - property - Retrieved 9 rules
2026-02-03 02:48:27 - GET - property - Retrieved 12 amenities
2026-02-03 02:48:27 - GET - property - documentation_list called with method GET
2026-02-03 02:48:27 - GET - property - rule_list called with method GET
2026-02-03 02:48:27 - GET - property - Retrieved 8 documentations
2026-02-03 02:48:27 - GET - property - Retrieved 9 rules
2026-02-03 02:48:27 - GET - property - documentation_list called with method GET
2026-02-03 02:48:27 - GET - property - list_states called
2026-02-03 02:48:27 - GET - property - Retrieved 36 states
2026-02-03 02:48:27 - GET - property - image_category_list called with method GET
2026-02-03 02:48:27 - GET - property - Retrieved 8 documentations
2026-02-03 02:48:27 - GET - property - Retrieved 12 image categories
2026-02-03 02:48:27 - GET - property - amenity_list called with method GET
2026-02-03 02:48:27 - GET - property - list_states called
2026-02-03 02:48:27 - GET - property - Retrieved 36 states
2026-02-03 02:48:27 - GET - property - image_category_list called with method GET
2026-02-03 02:48:27 - GET - property - Retrieved 12 amenities
2026-02-03 02:48:27 - GET - property - rule_list called with method GET
2026-02-03 02:48:28 - GET - property - Retrieved 12 image categories
2026-02-03 02:48:28 - GET - property - Retrieved 9 rules
2026-02-03 02:48:28 - GET - property - documentation_list called with method GET
2026-02-03 02:48:28 - GET - property - Retrieved 8 documentations
2026-02-03 02:48:28 - GET - property - list_states called
2026-02-03 02:48:28 - GET - property - Retrieved 36 states
2026-02-03 02:48:28 - GET - property - image_category_list called with method GET
2026-02-03 02:48:28 - GET - property - Retrieved 12 image categories
2026-02-03 02:49:23 - GET - property - property_detail called with method GET for pk 6
2026-02-03 02:49:23 - GET - property - Retrieved property 6
2026-02-03 02:49:24 - GET - property - amenity_list called with method GET
2026-02-03 02:49:24 - GET - property - Retrieved 12 amenities
2026-02-03 02:49:24 - GET - property - rule_list called with method GET
2026-02-03 02:49:24 - GET - property - Retrieved 9 rules
2026-02-03 02:49:24 - GET - property - documentation_list called with method GET
2026-02-03 02:49:24 - GET - property - Retrieved 8 documentations
2026-02-03 02:49:24 - GET - property - list_states called
2026-02-03 02:49:24 - GET - property - Retrieved 36 states
2026-02-03 02:49:24 - GET - property - image_category_list called with method GET
2026-02-03 02:49:24 - GET - property - Retrieved 12 image categories
2026-02-03 02:49:24 - GET - property - amenity_list called with method GET
2026-02-03 02:49:24 - GET - property - Retrieved 12 amenities
2026-02-03 02:49:24 - GET - property - amenity_list called with method GET
2026-02-03 02:49:24 - GET - property - rule_list called with method GET
2026-02-03 02:49:24 - GET - property - Retrieved 9 rules
2026-02-03 02:49:24 - GET - property - Retrieved 12 amenities
2026-02-03 02:49:24 - GET - property - documentation_list called with method GET
2026-02-03 02:49:24 - GET - property - rule_list called with method GET
2026-02-03 02:49:24 - GET - property - Retrieved 8 documentations
2026-02-03 02:49:24 - GET - property - Retrieved 9 rules
2026-02-03 02:49:24 - GET - property - documentation_list called with method GET
2026-02-03 02:49:24 - GET - property - list_states called
2026-02-03 02:49:24 - GET - property - Retrieved 36 states
2026-02-03 02:49:24 - GET - property - Retrieved 8 documentations
2026-02-03 02:49:24 - GET - property - image_category_list called with method GET
2026-02-03 02:49:24 - GET - property - Retrieved 12 image categories
2026-02-03 02:49:25 - GET - property - list_states called
2026-02-03 02:49:25 - GET - property - amenity_list called with method GET
2026-02-03 02:49:25 - GET - property - Retrieved 36 states
2026-02-03 02:49:25 - GET - property - image_category_list called with method GET
2026-02-03 02:49:25 - GET - property - Retrieved 12 amenities
2026-02-03 02:49:25 - GET - property - rule_list called with method GET
2026-02-03 02:49:25 - GET - property - Retrieved 12 image categories
2026-02-03 02:49:25 - GET - property - Retrieved 9 rules
2026-02-03 02:49:25 - GET - property - documentation_list called with method GET
2026-02-03 02:49:25 - GET - property - Retrieved 8 documentations
2026-02-03 02:49:25 - GET - property - list_states called
2026-02-03 02:49:25 - GET - property - Retrieved 36 states
2026-02-03 02:49:25 - GET - property - image_category_list called with method GET
2026-02-03 02:49:25 - GET - property - Retrieved 12 image categories
2026-02-03 02:49:37 - GET - property - property_detail called with method GET for pk 6
2026-02-03 02:49:37 - GET - property - Retrieved property 6
2026-02-03 02:49:37 - GET - property - amenity_list called with method GET
2026-02-03 02:49:37 - GET - property - Retrieved 12 amenities
2026-02-03 02:49:37 - GET - property - rule_list called with method GET
2026-02-03 02:49:37 - GET - property - Retrieved 9 rules
2026-02-03 02:49:37 - GET - property - documentation_list called with method GET
2026-02-03 02:49:37 - GET - property - Retrieved 8 documentations
2026-02-03 02:49:37 - GET - property - list_states called
2026-02-03 02:49:37 - GET - property - Retrieved 36 states
2026-02-03 02:49:37 - GET - property - image_category_list called with method GET
2026-02-03 02:49:37 - GET - property - Retrieved 12 image categories
2026-02-03 02:49:37 - GET - property - amenity_list called with method GET
2026-02-03 02:49:37 - GET - property - Retrieved 12 amenities
2026-02-03 02:49:37 - GET - property - amenity_list called with method GET
2026-02-03 02:49:37 - GET - property - rule_list called with method GET
2026-02-03 02:49:38 - GET - property - Retrieved 9 rules
2026-02-03 02:49:38 - GET - property - Retrieved 12 amenities
2026-02-03 02:49:38 - GET - property - documentation_list called with method GET
2026-02-03 02:49:38 - GET - property - rule_list called with method GET
2026-02-03 02:49:38 - GET - property - Retrieved 8 documentations
2026-02-03 02:49:38 - GET - property - Retrieved 9 rules
2026-02-03 02:49:38 - GET - property - documentation_list called with method GET
2026-02-03 02:49:38 - GET - property - list_states called
2026-02-03 02:49:38 - GET - property - Retrieved 36 states
2026-02-03 02:49:38 - GET - property - image_category_list called with method GET
2026-02-03 02:49:38 - GET - property - Retrieved 8 documentations
2026-02-03 02:49:38 - GET - property - Retrieved 12 image categories
2026-02-03 02:49:38 - GET - property - amenity_list called with method GET
2026-02-03 02:49:38 - GET - property - list_states called
2026-02-03 02:49:38 - GET - property - Retrieved 36 states
2026-02-03 02:49:38 - GET - property - image_category_list called with method GET
2026-02-03 02:49:38 - GET - property - Retrieved 12 amenities
2026-02-03 02:49:38 - GET - property - rule_list called with method GET
2026-02-03 02:49:38 - GET - property - Retrieved 12 image categories
2026-02-03 02:49:38 - GET - property - Retrieved 9 rules
2026-02-03 02:49:38 - GET - property - documentation_list called with method GET
2026-02-03 02:49:38 - GET - property - Retrieved 8 documentations
2026-02-03 02:49:38 - GET - property - list_states called
2026-02-03 02:49:38 - GET - property - Retrieved 36 states
2026-02-03 02:49:38 - GET - property - image_category_list called with method GET
2026-02-03 02:49:38 - GET - property - Retrieved 12 image categories
2026-02-03 02:50:07 - GET - property - amenity_list called with method GET
2026-02-03 02:50:07 - GET - property - Retrieved 12 amenities
2026-02-03 02:50:07 - GET - property - rule_list called with method GET
2026-02-03 02:50:07 - GET - property - Retrieved 9 rules
2026-02-03 02:50:07 - GET - property - documentation_list called with method GET
2026-02-03 02:50:07 - GET - property - Retrieved 8 documentations
2026-02-03 02:50:07 - GET - property - list_states called
2026-02-03 02:50:07 - GET - property - Retrieved 36 states
2026-02-03 02:50:07 - GET - property - image_category_list called with method GET
2026-02-03 02:50:07 - GET - property - Retrieved 12 image categories
2026-02-03 02:50:11 - GET - property - property_detail called with method GET for pk 6
2026-02-03 02:50:11 - GET - property - Retrieved property 6
2026-02-03 02:50:11 - GET - property - amenity_list called with method GET
2026-02-03 02:50:11 - GET - property - Retrieved 12 amenities
2026-02-03 02:50:11 - GET - property - rule_list called with method GET
2026-02-03 02:50:12 - GET - property - Retrieved 9 rules
2026-02-03 02:50:12 - GET - property - documentation_list called with method GET
2026-02-03 02:50:12 - GET - property - Retrieved 8 documentations
2026-02-03 02:50:12 - GET - property - list_states called
2026-02-03 02:50:12 - GET - property - Retrieved 36 states
2026-02-03 02:50:12 - GET - property - image_category_list called with method GET
2026-02-03 02:50:12 - GET - property - Retrieved 12 image categories
2026-02-03 02:50:12 - GET - property - amenity_list called with method GET
2026-02-03 02:50:12 - GET - property - Retrieved 12 amenities
2026-02-03 02:50:12 - GET - property - amenity_list called with method GET
2026-02-03 02:50:12 - GET - property - rule_list called with method GET
2026-02-03 02:50:12 - GET - property - Retrieved 9 rules
2026-02-03 02:50:12 - GET - property - Retrieved 12 amenities
2026-02-03 02:50:12 - GET - property - documentation_list called with method GET
2026-02-03 02:50:12 - GET - property - rule_list called with method GET
2026-02-03 02:50:12 - GET - property - Retrieved 8 documentations
2026-02-03 02:50:12 - GET - property - Retrieved 9 rules
2026-02-03 02:50:12 - GET - property - documentation_list called with method GET
2026-02-03 02:50:12 - GET - property - list_states called
2026-02-03 02:50:12 - GET - property - Retrieved 36 states
2026-02-03 02:50:12 - GET - property - image_category_list called with method GET
2026-02-03 02:50:12 - GET - property - Retrieved 8 documentations
2026-02-03 02:50:12 - GET - property - Retrieved 12 image categories
2026-02-03 02:50:12 - GET - property - amenity_list called with method GET
2026-02-03 02:50:12 - GET - property - list_states called
2026-02-03 02:50:12 - GET - property - Retrieved 36 states
2026-02-03 02:50:12 - GET - property - image_category_list called with method GET
2026-02-03 02:50:12 - GET - property - Retrieved 12 amenities
2026-02-03 02:50:12 - GET - property - rule_list called with method GET
2026-02-03 02:50:12 - GET - property - Retrieved 12 image categories
2026-02-03 02:50:12 - GET - property - Retrieved 9 rules
2026-02-03 02:50:12 - GET - property - documentation_list called with method GET
2026-02-03 02:50:13 - GET - property - Retrieved 8 documentations
2026-02-03 02:50:13 - GET - property - list_states called
2026-02-03 02:50:13 - GET - property - Retrieved 36 states
2026-02-03 02:50:13 - GET - property - image_category_list called with method GET
2026-02-03 02:50:13 - GET - property - Retrieved 12 image categories
2026-02-03 02:50:37 - PUT - property - property_detail called with method PUT for pk 6
2026-02-03 02:50:37 - PUT - property - Property 6 updated successfully
2026-02-03 02:50:37 - GET - property - property_list called with method GET
2026-02-03 02:50:38 - GET - property - Retrieved 6 properties
2026-02-03 02:50:40 - GET - property - property_detail called with method GET for pk 6
2026-02-03 02:50:40 - GET - property - Retrieved property 6
2026-02-03 02:51:47 - GET - property - property_detail called with method GET for pk 6
2026-02-03 02:51:47 - GET - property - Retrieved property 6
2026-02-03 02:52:33 - GET - property - property_detail called with method GET for pk 6
2026-02-03 02:52:33 - GET - property - Retrieved property 6
2026-02-03 02:53:07 - GET - property - property_detail called with method GET for pk 6
2026-02-03 02:53:07 - GET - property - Retrieved property 6
2026-02-03 02:53:14 - GET - property - property_detail called with method GET for pk 6
2026-02-03 02:53:14 - GET - property - Retrieved property 6
2026-02-03 02:54:40 - GET - property - property_detail called with method GET for pk 6
2026-02-03 02:54:40 - GET - property - Retrieved property 6
2026-02-03 02:54:40 - GET - property - amenity_list called with method GET
2026-02-03 02:54:40 - GET - property - Retrieved 12 amenities
2026-02-03 02:54:40 - GET - property - rule_list called with method GET
2026-02-03 02:54:40 - GET - property - Retrieved 9 rules
2026-02-03 02:54:40 - GET - property - documentation_list called with method GET
2026-02-03 02:54:40 - GET - property - Retrieved 8 documentations
2026-02-03 02:54:40 - GET - property - list_states called
2026-02-03 02:54:40 - GET - property - Retrieved 36 states
2026-02-03 02:54:40 - GET - property - image_category_list called with method GET
2026-02-03 02:54:41 - GET - property - Retrieved 12 image categories
2026-02-03 02:54:41 - GET - property - amenity_list called with method GET
2026-02-03 02:54:41 - GET - property - Retrieved 12 amenities
2026-02-03 02:54:41 - GET - property - amenity_list called with method GET
2026-02-03 02:54:41 - GET - property - rule_list called with method GET
2026-02-03 02:54:41 - GET - property - Retrieved 9 rules
2026-02-03 02:54:41 - GET - property - Retrieved 12 amenities
2026-02-03 02:54:41 - GET - property - documentation_list called with method GET
2026-02-03 02:54:41 - GET - property - rule_list called with method GET
2026-02-03 02:54:41 - GET - property - Retrieved 8 documentations
2026-02-03 02:54:41 - GET - property - Retrieved 9 rules
2026-02-03 02:54:41 - GET - property - documentation_list called with method GET
2026-02-03 02:54:41 - GET - property - list_states called
2026-02-03 02:54:41 - GET - property - Retrieved 36 states
2026-02-03 02:54:41 - GET - property - Retrieved 8 documentations
2026-02-03 02:54:41 - GET - property - image_category_list called with method GET
2026-02-03 02:54:41 - GET - property - list_states called
2026-02-03 02:54:41 - GET - property - Retrieved 12 image categories
2026-02-03 02:54:41 - GET - property - Retrieved 36 states
2026-02-03 02:54:41 - GET - property - amenity_list called with method GET
2026-02-03 02:54:41 - GET - property - image_category_list called with method GET
2026-02-03 02:54:41 - GET - property - Retrieved 12 amenities
2026-02-03 02:54:41 - GET - property - rule_list called with method GET
2026-02-03 02:54:41 - GET - property - Retrieved 12 image categories
2026-02-03 02:54:41 - GET - property - Retrieved 9 rules
2026-02-03 02:54:41 - GET - property - documentation_list called with method GET
2026-02-03 02:54:41 - GET - property - Retrieved 8 documentations
2026-02-03 02:54:41 - GET - property - list_states called
2026-02-03 02:54:41 - GET - property - Retrieved 36 states
2026-02-03 02:54:41 - GET - property - image_category_list called with method GET
2026-02-03 02:54:41 - GET - property - Retrieved 12 image categories
2026-02-03 02:54:46 - GET - property - amenity_list called with method GET
2026-02-03 02:54:46 - GET - property - Retrieved 12 amenities
2026-02-03 02:54:46 - GET - property - rule_list called with method GET
2026-02-03 02:54:46 - GET - property - Retrieved 9 rules
2026-02-03 02:54:46 - GET - property - documentation_list called with method GET
2026-02-03 02:54:46 - GET - property - Retrieved 8 documentations
2026-02-03 02:54:46 - GET - property - list_states called
2026-02-03 02:54:46 - GET - property - Retrieved 36 states
2026-02-03 02:54:46 - GET - property - image_category_list called with method GET
2026-02-03 02:54:46 - GET - property - Retrieved 12 image categories
2026-02-03 02:54:46 - GET - property - amenity_list called with method GET
2026-02-03 02:54:46 - GET - property - Retrieved 12 amenities
2026-02-03 02:54:46 - GET - property - rule_list called with method GET
2026-02-03 02:54:46 - GET - property - Retrieved 9 rules
2026-02-03 02:54:46 - GET - property - documentation_list called with method GET
2026-02-03 02:54:46 - GET - property - Retrieved 8 documentations
2026-02-03 02:54:46 - GET - property - list_states called
2026-02-03 02:54:46 - GET - property - Retrieved 36 states
2026-02-03 02:54:46 - GET - property - image_category_list called with method GET
2026-02-03 02:54:46 - GET - property - Retrieved 12 image categories
2026-02-03 02:54:48 - GET - property - amenity_list called with method GET
2026-02-03 02:54:48 - GET - property - Retrieved 12 amenities
2026-02-03 02:54:48 - GET - property - rule_list called with method GET
2026-02-03 02:54:48 - GET - property - Retrieved 9 rules
2026-02-03 02:54:48 - GET - property - documentation_list called with method GET
2026-02-03 02:54:48 - GET - property - Retrieved 8 documentations
2026-02-03 02:54:48 - GET - property - list_states called
2026-02-03 02:54:48 - GET - property - Retrieved 36 states
2026-02-03 02:54:48 - GET - property - image_category_list called with method GET
2026-02-03 02:54:49 - GET - property - Retrieved 12 image categories
2026-02-03 02:54:49 - GET - property - amenity_list called with method GET
2026-02-03 02:54:49 - GET - property - Retrieved 12 amenities
2026-02-03 02:54:49 - GET - property - rule_list called with method GET
2026-02-03 02:54:49 - GET - property - Retrieved 9 rules
2026-02-03 02:54:49 - GET - property - documentation_list called with method GET
2026-02-03 02:54:49 - GET - property - Retrieved 8 documentations
2026-02-03 02:54:49 - GET - property - list_states called
2026-02-03 02:54:49 - GET - property - Retrieved 36 states
2026-02-03 02:54:49 - GET - property - image_category_list called with method GET
2026-02-03 02:54:49 - GET - property - Retrieved 12 image categories
2026-02-03 03:00:12 - GET - property - amenity_list called with method GET
2026-02-03 03:00:13 - GET - property - Retrieved 12 amenities
2026-02-03 03:00:13 - GET - property - rule_list called with method GET
2026-02-03 03:00:13 - GET - property - Retrieved 9 rules
2026-02-03 03:00:13 - GET - property - documentation_list called with method GET
2026-02-03 03:00:13 - GET - property - Retrieved 8 documentations
2026-02-03 03:00:13 - GET - property - list_states called
2026-02-03 03:00:13 - GET - property - Retrieved 36 states
2026-02-03 03:00:13 - GET - property - image_category_list called with method GET
2026-02-03 03:00:13 - GET - property - Retrieved 12 image categories
2026-02-03 03:00:13 - GET - property - amenity_list called with method GET
2026-02-03 03:00:13 - GET - property - Retrieved 12 amenities
2026-02-03 03:00:13 - GET - property - amenity_list called with method GET
2026-02-03 03:00:13 - GET - property - rule_list called with method GET
2026-02-03 03:00:13 - GET - property - Retrieved 9 rules
2026-02-03 03:00:13 - GET - property - Retrieved 12 amenities
2026-02-03 03:00:13 - GET - property - documentation_list called with method GET
2026-02-03 03:00:13 - GET - property - rule_list called with method GET
2026-02-03 03:00:13 - GET - property - Retrieved 8 documentations
2026-02-03 03:00:13 - GET - property - Retrieved 9 rules
2026-02-03 03:00:13 - GET - property - documentation_list called with method GET
2026-02-03 03:00:13 - GET - property - list_states called
2026-02-03 03:00:13 - GET - property - Retrieved 36 states
2026-02-03 03:00:13 - GET - property - image_category_list called with method GET
2026-02-03 03:00:14 - GET - property - Retrieved 8 documentations
2026-02-03 03:00:14 - GET - property - Retrieved 12 image categories
2026-02-03 03:00:14 - GET - property - amenity_list called with method GET
2026-02-03 03:00:14 - GET - property - list_states called
2026-02-03 03:00:14 - GET - property - Retrieved 36 states
2026-02-03 03:00:14 - GET - property - image_category_list called with method GET
2026-02-03 03:00:14 - GET - property - Retrieved 12 amenities
2026-02-03 03:00:14 - GET - property - rule_list called with method GET
2026-02-03 03:00:14 - GET - property - Retrieved 12 image categories
2026-02-03 03:00:14 - GET - property - Retrieved 9 rules
2026-02-03 03:00:14 - GET - property - documentation_list called with method GET
2026-02-03 03:00:14 - GET - property - Retrieved 8 documentations
2026-02-03 03:00:14 - GET - property - list_states called
2026-02-03 03:00:14 - GET - property - Retrieved 36 states
2026-02-03 03:00:14 - GET - property - image_category_list called with method GET
2026-02-03 03:00:14 - GET - property - Retrieved 12 image categories
2026-02-03 03:00:23 - GET - property - amenity_list called with method GET
2026-02-03 03:00:23 - GET - property - Retrieved 12 amenities
2026-02-03 03:00:23 - GET - property - rule_list called with method GET
2026-02-03 03:00:23 - GET - property - Retrieved 9 rules
2026-02-03 03:00:23 - GET - property - documentation_list called with method GET
2026-02-03 03:00:23 - GET - property - Retrieved 8 documentations
2026-02-03 03:00:23 - GET - property - list_states called
2026-02-03 03:00:23 - GET - property - Retrieved 36 states
2026-02-03 03:00:23 - GET - property - image_category_list called with method GET
2026-02-03 03:00:23 - GET - property - Retrieved 12 image categories
2026-02-03 03:01:56 - GET - property - property_detail called with method GET for pk 6
2026-02-03 03:01:57 - GET - property - Retrieved property 6
2026-02-03 03:01:57 - GET - property - amenity_list called with method GET
2026-02-03 03:01:57 - GET - property - Retrieved 12 amenities
2026-02-03 03:01:57 - GET - property - rule_list called with method GET
2026-02-03 03:01:57 - GET - property - Retrieved 9 rules
2026-02-03 03:01:57 - GET - property - documentation_list called with method GET
2026-02-03 03:01:57 - GET - property - Retrieved 8 documentations
2026-02-03 03:01:57 - GET - property - list_states called
2026-02-03 03:01:57 - GET - property - Retrieved 36 states
2026-02-03 03:01:57 - GET - property - image_category_list called with method GET
2026-02-03 03:01:57 - GET - property - Retrieved 12 image categories
2026-02-03 03:02:21 - POST - property - image_upload called
2026-02-03 03:02:21 - POST - property - Property image uploaded successfully with id 69
2026-02-03 03:02:27 - PUT - property - property_detail called with method PUT for pk 6
2026-02-03 03:02:28 - PUT - property - Property 6 updated successfully
2026-02-03 03:02:28 - GET - property - property_list called with method GET
2026-02-03 03:02:29 - GET - property - Retrieved 6 properties
2026-02-03 03:02:56 - GET - property - property_list called with method GET
2026-02-03 03:02:57 - GET - property - Retrieved 6 properties
2026-02-03 03:02:57 - GET - views - list_users called
2026-02-03 03:02:57 - GET - views - Retrieved 16 users
2026-02-03 03:03:40 - GET - property - property_detail called with method GET for pk 6
2026-02-03 03:03:40 - GET - property - Retrieved property 6
2026-02-03 03:03:49 - GET - property - property_list called with method GET
2026-02-03 03:03:50 - GET - property - Retrieved 6 properties
2026-02-03 03:03:50 - GET - views - list_users called
2026-02-03 03:03:50 - GET - views - Retrieved 16 users
2026-02-03 03:05:45 - GET - property - property_list called with method GET
2026-02-03 03:05:46 - GET - property - Retrieved 6 properties
2026-02-03 03:05:46 - GET - views - list_users called
2026-02-03 03:05:46 - GET - views - Retrieved 16 users
2026-02-03 03:06:14 - GET - property - property_detail called with method GET for pk 6
2026-02-03 03:06:15 - GET - property - Retrieved property 6
2026-02-03 03:06:17 - GET - property - property_detail called with method GET for pk 6
2026-02-03 03:06:17 - GET - property - Retrieved property 6
2026-02-03 03:08:14 - GET - property - property_list called with method GET
2026-02-03 03:08:15 - GET - property - Retrieved 6 properties
2026-02-03 03:08:15 - GET - views - list_users called
2026-02-03 03:08:15 - GET - views - Retrieved 16 users
2026-02-03 03:08:57 - GET - property - property_detail called with method GET for pk 6
2026-02-03 03:08:57 - GET - property - Retrieved property 6
2026-02-03 03:09:05 - GET - property - property_list called with method GET
2026-02-03 03:09:06 - GET - property - Retrieved 6 properties
2026-02-03 03:09:06 - GET - views - list_users called
2026-02-03 03:09:07 - GET - views - Retrieved 16 users
2026-02-03 03:09:14 - GET - property - property_list called with method GET
2026-02-03 03:09:15 - GET - property - Retrieved 6 properties
2026-02-03 03:09:15 - GET - views - list_users called
2026-02-03 03:09:16 - GET - views - Retrieved 16 users
2026-02-03 03:09:54 - GET - property - property_list called with method GET
2026-02-03 03:09:55 - GET - property - Retrieved 6 properties
2026-02-03 03:09:55 - GET - views - list_users called
2026-02-03 03:09:56 - GET - views - Retrieved 16 users
2026-02-03 03:16:17 - GET - property - property_detail called with method GET for pk 6
2026-02-03 03:16:17 - GET - property - Retrieved property 6
2026-02-03 03:16:18 - GET - property - property_detail called with method GET for pk 6
2026-02-03 03:16:18 - GET - property - Retrieved property 6
2026-02-03 03:16:21 - GET - property - property_detail called with method GET for pk 6
2026-02-03 03:16:21 - GET - property - Retrieved property 6
2026-02-03 03:16:38 - GET - property - property_detail called with method GET for pk 6
2026-02-03 03:16:38 - GET - property - Retrieved property 6
2026-02-03 03:16:50 - GET - property - property_list called with method GET
2026-02-03 03:16:50 - GET - property - Retrieved 6 properties
2026-02-03 03:16:51 - GET - views - list_users called
2026-02-03 03:16:51 - GET - views - Retrieved 16 users
2026-02-03 03:21:08 - GET - property - property_list called with method GET
2026-02-03 03:21:09 - GET - property - Retrieved 6 properties
2026-02-03 03:21:09 - GET - views - list_users called
2026-02-03 03:21:09 - GET - views - Retrieved 16 users
2026-02-03 03:21:34 - GET - property - property_list called with method GET
2026-02-03 03:21:35 - GET - property - Retrieved 6 properties
2026-02-03 03:21:35 - GET - views - list_users called
2026-02-03 03:21:35 - GET - views - Retrieved 16 users
2026-02-03 03:21:47 - GET - property - property_detail called with method GET for pk 6
2026-02-03 03:21:47 - GET - property - Retrieved property 6
2026-02-03 03:22:15 - GET - property - property_detail called with method GET for pk 6
2026-02-03 03:22:15 - GET - property - Retrieved property 6
2026-02-03 03:23:11 - GET - property - property_detail called with method GET for pk 6
2026-02-03 03:23:11 - GET - property - Retrieved property 6
2026-02-03 03:23:17 - GET - property - property_list called with method GET
2026-02-03 03:23:18 - GET - property - Retrieved 6 properties
2026-02-03 03:23:18 - GET - views - list_users called
2026-02-03 03:23:18 - GET - views - Retrieved 16 users
2026-02-03 03:26:01 - GET - property - get_all_properties called
2026-02-03 03:26:01 - GET - property - Fetching top reviews
2026-02-03 03:26:01 - GET - property - Retrieved 0 top reviews for property_type hotel
2026-02-03 03:26:02 - GET - property - Retrieved 6 properties
2026-02-03 03:26:19 - GET - property - get_all_properties called
2026-02-03 03:26:19 - GET - property - Fetching top reviews
2026-02-03 03:26:19 - GET - property - Retrieved 0 top reviews for property_type hotel
2026-02-03 03:26:20 - GET - property - Retrieved 6 properties
2026-02-03 03:26:35 - POST - views - Static login number detected: 9820769934, skipping OTP send
2026-02-03 03:26:41 - POST - views - Static login verification for mobile: 9820769934, Expected OTP: 207699, Provided OTP: 207699
2026-02-03 03:26:41 - POST - views - Static login successful for mobile: 9820769934
2026-02-03 03:26:41 - POST - views - User 9820769934 logged in
2026-02-03 03:26:41 - GET - views - Profile viewed for user: 9820769934
2026-02-03 03:27:17 - GET - property - get_all_properties called
2026-02-03 03:27:17 - GET - property - Fetching top reviews
2026-02-03 03:27:17 - GET - property - Retrieved 0 top reviews for property_type hotel
2026-02-03 03:27:18 - GET - property - Retrieved 6 properties
2026-02-03 03:32:25 - GET - property - get_all_properties called
2026-02-03 03:32:25 - GET - property - Fetching top reviews
2026-02-03 03:32:25 - GET - property - Retrieved 0 top reviews for property_type hostel
2026-02-03 03:32:26 - GET - property - Retrieved 6 properties
2026-02-03 03:34:51 - GET - property - get_all_properties called
2026-02-03 03:34:51 - GET - property - Fetching top reviews
2026-02-03 03:34:51 - GET - property - Retrieved 0 top reviews for property_type hostel
2026-02-03 03:34:52 - GET - property - Retrieved 6 properties
2026-02-03 03:34:55 - GET - property - Public property search requested
2026-02-03 03:34:55 - GET - property - Public property search completed
2026-02-03 03:34:56 - GET - property - amenity_list called with method GET
2026-02-03 03:34:56 - GET - property - Retrieved 12 amenities
2026-02-03 03:34:56 - GET - property - unique_areas_by_city called for city: Mumbai
2026-02-03 03:34:56 - GET - property - Found 5 unique areas for city: Mumbai
2026-02-03 03:35:08 - GET - property - get_all_properties called
2026-02-03 03:35:08 - GET - property - Fetching top reviews
2026-02-03 03:35:08 - GET - property - Retrieved 0 top reviews for property_type hostel
2026-02-03 03:35:09 - GET - property - Retrieved 6 properties
2026-02-03 03:35:13 - GET - property - property_detail called with method GET for pk 5
2026-02-03 03:35:13 - GET - property - Retrieved property 5
2026-02-03 03:36:01 - GET - property - get_all_properties called
2026-02-03 03:36:01 - GET - property - Fetching top reviews
2026-02-03 03:36:01 - GET - property - Retrieved 0 top reviews for property_type hotel
2026-02-03 03:36:02 - GET - property - Retrieved 6 properties
2026-02-03 03:36:03 - GET - property - property_detail called with method GET for pk 6
2026-02-03 03:36:03 - GET - property - Retrieved property 6
2026-02-03 03:36:07 - GET - property - property_detail called with method GET for pk 6
2026-02-03 03:36:07 - GET - property - Retrieved property 6
2026-02-03 03:36:16 - GET - property - get_all_properties called
2026-02-03 03:36:16 - GET - property - Fetching top reviews
2026-02-03 03:36:16 - GET - property - Retrieved 0 top reviews for property_type hotel
2026-02-03 03:36:17 - GET - property - Retrieved 6 properties
2026-02-03 03:36:18 - GET - property - property_detail called with method GET for pk 6
2026-02-03 03:36:19 - GET - property - Retrieved property 6
2026-02-03 03:36:21 - GET - property - property_detail called with method GET for pk 6
2026-02-03 03:36:21 - GET - property - Retrieved property 6
2026-02-03 03:37:27 - GET - property - property_list called with method GET
2026-02-03 03:37:32 - POST - views - Static login number detected: 8342091661, skipping OTP send
2026-02-03 03:37:36 - POST - views - Static login verification for mobile: 8342091661, Expected OTP: 420916, Provided OTP: 420916
2026-02-03 03:37:36 - POST - views - Static login successful for mobile: 8342091661
2026-02-03 03:37:36 - POST - views - User 8342091661 logged in
2026-02-03 03:37:36 - GET - views - Profile viewed for user: 8342091661
2026-02-03 03:37:42 - GET - property - property_list called with method GET
2026-02-03 03:37:43 - GET - property - Retrieved 6 properties
2026-02-03 03:37:43 - GET - views - list_users called
2026-02-03 03:37:43 - GET - views - Retrieved 16 users
2026-02-03 03:38:21 - GET - property - property_list called with method GET
2026-02-03 03:38:22 - GET - property - Retrieved 6 properties
2026-02-03 03:38:22 - GET - views - list_users called
2026-02-03 03:38:22 - GET - views - Retrieved 16 users
2026-02-03 03:38:38 - GET - property - property_list called with method GET
2026-02-03 03:38:39 - GET - property - Retrieved 6 properties
2026-02-03 03:38:39 - GET - views - list_users called
2026-02-03 03:38:40 - GET - views - Retrieved 16 users
2026-02-03 04:43:14 - GET - property - property_list called with method GET
2026-02-03 04:43:15 - GET - property - Retrieved 6 properties
2026-02-03 04:43:15 - GET - views - list_users called
2026-02-03 04:43:15 - GET - views - Retrieved 16 users
2026-02-03 05:31:21 - GET - property - property_list called with method GET
2026-02-03 05:31:22 - GET - property - Retrieved 6 properties
2026-02-03 05:31:22 - GET - views - list_users called
2026-02-03 05:31:22 - GET - views - Retrieved 16 users
2026-02-03 05:31:27 - GET - property - property_list called with method GET
2026-02-03 05:31:28 - GET - property - Retrieved 6 properties
2026-02-03 05:31:28 - GET - views - list_users called
2026-02-03 05:31:28 - GET - views - Retrieved 16 users
2026-02-03 05:31:31 - GET - property - property_list called with method GET
2026-02-03 05:31:32 - GET - property - Retrieved 6 properties
2026-02-03 05:31:32 - GET - views - list_users called
2026-02-03 05:31:33 - GET - views - Retrieved 16 users
